2026-04-09 13:07:48.674: [INFO] VisibilityChanged: 0
2026-04-09 13:07:48.737: [INFO] RecordSyncInitDuration has_sync_been_enabled: 0 state: 0
2026-04-09 13:07:48.738: [INFO] RecordSyncInitDuration has_sync_been_enabled: 0 state: 0
2026-04-09 13:07:48.739: [INFO] RecordSyncInitDuration has_sync_been_enabled: 0 state: 0
2026-04-09 13:07:48.740: [INFO] RecordSyncInitDuration has_sync_been_enabled: 0 state: 0
2026-04-09 13:07:48.741: [INFO] RecordSyncInitDuration has_sync_been_enabled: 0 state: 0
2026-04-09 13:07:48.742: [INFO] RecordSyncInitDuration has_sync_been_enabled: 0 state: 0
2026-04-09 13:07:48.744: [INFO] RecordSyncInitDuration has_sync_been_enabled: 0 state: 0
2026-04-09 13:07:48.746: [INFO] RecordSyncInitDuration has_sync_been_enabled: 0 state: 0
2026-04-09 13:07:48.747: [INFO] RecordSyncInitDuration has_sync_been_enabled: 0 state: 0
2026-04-09 13:07:48.748: [INFO] RecordSyncInitDuration has_sync_been_enabled: 0 state: 0
2026-04-09 13:07:48.749: [INFO] RecordSyncInitDuration has_sync_been_enabled: 0 state: 0
2026-04-09 13:07:48.750: [INFO] RecordSyncInitDuration has_sync_been_enabled: 0 state: 0
2026-04-09 13:07:48.768: [INFO] BookmarkModelLoaded, ids_reassigned: 0
2026-04-09 13:07:48.768: [INFO] OnDoneLoading sync enabled: 0
2026-04-09 13:07:48.770: [INFO] RecordSyncInitDuration has_sync_been_enabled: 0 state: 0
2026-04-09 13:07:51.318: [INFO] RecordSyncInitDuration has_sync_been_enabled: 0 state: 3
2026-04-09 13:07:51.321: [INFO] Primary account changed.
2026-04-09 13:07:51.321: [INFO] OnPrimaryAccountChanged PrimaryAccountChangeEvent::Type::kSet
2026-04-09 13:07:51.325: [INFO] RecordSyncInitDuration has_sync_been_enabled: 0 state: 3
2026-04-09 13:07:54.523: [INFO] Sync initialization duration: 2976ms
2026-04-09 14:10:49.216: [INFO] VisibilityChanged: 0
2026-04-09 14:10:49.268: [INFO] BookmarkModelLoaded, ids_reassigned: 0
2026-04-09 14:10:49.268: [INFO] OnDoneLoading sync enabled: 1
2026-04-09 14:10:57.597: [INFO] Sync initialization duration: 2230ms
2026-04-09 14:13:48.024: [INFO] VisibilityChanged: 0
2026-04-09 14:13:48.077: [INFO] BookmarkModelLoaded, ids_reassigned: 0
2026-04-09 14:13:48.077: [INFO] OnDoneLoading sync enabled: 0
2026-04-09 14:13:48.719: [INFO] Primary account changed.
2026-04-09 14:13:48.719: [INFO] OnPrimaryAccountChanged PrimaryAccountChangeEvent::Type::kSet
2026-04-09 14:13:50.340: [INFO] Sync initialization duration: 2260ms
2026-04-09 16:42:06.675: [INFO] VisibilityChanged: 0
2026-04-09 16:42:06.919: [INFO] BookmarkModelLoaded, ids_reassigned: 0
2026-04-09 16:42:06.919: [INFO] OnDoneLoading sync enabled: 1
2026-04-09 16:42:17.904: [INFO] Sync initialization duration: 1283ms
2026-04-11 04:01:20.463: [INFO] VisibilityChanged: 0
2026-04-11 04:01:20.564: [INFO] BookmarkModelLoaded, ids_reassigned: 0
2026-04-11 04:01:20.564: [INFO] OnDoneLoading sync enabled: 0
2026-04-11 04:01:22.900: [INFO] Primary account changed.
2026-04-11 04:01:22.900: [INFO] OnPrimaryAccountChanged PrimaryAccountChangeEvent::Type::kSet
2026-04-11 04:01:24.842: [INFO] Sync initialization duration: 4275ms
2026-04-12 11:19:37.711: [INFO] VisibilityChanged: 0
2026-04-12 11:19:37.782: [INFO] BookmarkModelLoaded, ids_reassigned: 0
2026-04-12 11:19:37.783: [INFO] OnDoneLoading sync enabled: 1
2026-04-12 11:19:44.717: [INFO] Sync initialization duration: 735ms
2026-04-12 13:24:23.230: [INFO] VisibilityChanged: 0
2026-04-12 13:24:23.298: [INFO] BookmarkModelLoaded, ids_reassigned: 0
2026-04-12 13:24:23.299: [INFO] OnDoneLoading sync enabled: 0
2026-04-12 13:24:24.844: [INFO] Primary account changed.
2026-04-12 13:24:24.844: [INFO] OnPrimaryAccountChanged PrimaryAccountChangeEvent::Type::kSet
2026-04-12 13:24:26.732: [INFO] Sync initialization duration: 3430ms
2026-04-12 14:49:55.979: [INFO] VisibilityChanged: 0
2026-04-12 14:49:56.042: [INFO] BookmarkModelLoaded, ids_reassigned: 0
2026-04-12 14:49:56.042: [INFO] OnDoneLoading sync enabled: 1
2026-04-12 14:50:04.344: [INFO] Sync initialization duration: 1653ms
2026-04-12 14:59:22.406: [INFO] VisibilityChanged: 0
2026-04-12 14:59:22.472: [INFO] BookmarkModelLoaded, ids_reassigned: 0
2026-04-12 14:59:22.472: [INFO] OnDoneLoading sync enabled: 0
2026-04-12 14:59:25.260: [INFO] Primary account changed.
2026-04-12 14:59:25.260: [INFO] OnPrimaryAccountChanged PrimaryAccountChangeEvent::Type::kSet
2026-04-12 14:59:26.947: [INFO] Sync initialization duration: 4472ms
2026-04-12 15:46:16.981: [INFO] VisibilityChanged: 0
2026-04-12 15:46:17.054: [INFO] BookmarkModelLoaded, ids_reassigned: 0
2026-04-12 15:46:17.054: [INFO] OnDoneLoading sync enabled: 1
2026-04-12 15:46:27.809: [INFO] Sync initialization duration: 849ms
2026-04-12 15:51:47.080: [INFO] VisibilityChanged: 0
2026-04-12 15:51:47.145: [INFO] BookmarkModelLoaded, ids_reassigned: 0
2026-04-12 15:51:47.145: [INFO] OnDoneLoading sync enabled: 0
2026-04-12 15:51:48.508: [INFO] Primary account changed.
2026-04-12 15:51:48.508: [INFO] OnPrimaryAccountChanged PrimaryAccountChangeEvent::Type::kSet
2026-04-12 15:51:50.105: [INFO] Sync initialization duration: 2958ms
2026-04-12 16:05:20.320: [INFO] VisibilityChanged: 0
2026-04-12 16:05:20.387: [INFO] BookmarkModelLoaded, ids_reassigned: 0
2026-04-12 16:05:20.387: [INFO] OnDoneLoading sync enabled: 1
2026-04-12 16:05:27.438: [INFO] Sync initialization duration: 658ms
2026-04-13 03:58:10.197: [INFO] VisibilityChanged: 0
2026-04-13 03:58:10.249: [INFO] BookmarkModelLoaded, ids_reassigned: 0
2026-04-13 03:58:10.249: [INFO] OnDoneLoading sync enabled: 0
2026-04-13 03:58:12.155: [INFO] Primary account changed.
2026-04-13 03:58:12.155: [INFO] OnPrimaryAccountChanged PrimaryAccountChangeEvent::Type::kSet
2026-04-13 03:58:14.172: [INFO] Sync initialization duration: 3921ms
2026-04-13 05:58:00.443: [INFO] VisibilityChanged: 0
2026-04-13 05:58:00.499: [INFO] BookmarkModelLoaded, ids_reassigned: 0
2026-04-13 05:58:00.499: [INFO] OnDoneLoading sync enabled: 0
2026-04-13 16:30:45.127: [INFO] VisibilityChanged: 0
2026-04-13 16:30:45.392: [INFO] BookmarkModelLoaded, ids_reassigned: 0
2026-04-13 16:30:45.392: [INFO] OnDoneLoading sync enabled: 0
2026-04-13 16:30:48.190: [INFO] Primary account changed.
2026-04-13 16:30:48.190: [INFO] OnPrimaryAccountChanged PrimaryAccountChangeEvent::Type::kSet
2026-04-13 16:30:52.528: [INFO] Sync initialization duration: 7126ms
2026-04-14 03:23:34.698: [INFO] VisibilityChanged: 0
2026-04-14 03:23:34.923: [INFO] BookmarkModelLoaded, ids_reassigned: 0
2026-04-14 03:23:34.923: [INFO] OnDoneLoading sync enabled: 1
2026-04-14 03:23:48.188: [INFO] Sync initialization duration: 1155ms
2026-04-14 03:54:04.849: [INFO] VisibilityChanged: 0
2026-04-14 03:54:05.037: [INFO] BookmarkModelLoaded, ids_reassigned: 0
2026-04-14 03:54:05.037: [INFO] OnDoneLoading sync enabled: 0
2026-04-14 03:54:06.953: [INFO] Primary account changed.
2026-04-14 03:54:06.953: [INFO] OnPrimaryAccountChanged PrimaryAccountChangeEvent::Type::kSet
2026-04-14 03:54:10.538: [INFO] Sync initialization duration: 5489ms
2026-04-14 04:16:21.693: [INFO] VisibilityChanged: 0
2026-04-14 04:16:21.764: [INFO] BookmarkModelLoaded, ids_reassigned: 0
2026-04-14 04:16:21.764: [INFO] OnDoneLoading sync enabled: 1
2026-04-14 04:16:29.810: [INFO] Sync initialization duration: 1658ms
2026-04-14 04:28:51.226: [INFO] VisibilityChanged: 0
2026-04-14 04:28:51.288: [INFO] BookmarkModelLoaded, ids_reassigned: 0
2026-04-14 04:28:51.288: [INFO] OnDoneLoading sync enabled: 0
2026-04-14 04:28:52.278: [INFO] Primary account changed.
2026-04-14 04:28:52.278: [INFO] OnPrimaryAccountChanged PrimaryAccountChangeEvent::Type::kSet
2026-04-14 04:28:54.002: [INFO] Sync initialization duration: 2712ms
2026-04-14 04:47:07.412: [INFO] VisibilityChanged: 0
2026-04-14 04:47:07.478: [INFO] BookmarkModelLoaded, ids_reassigned: 0
2026-04-14 04:47:07.478: [INFO] OnDoneLoading sync enabled: 1
2026-04-14 04:47:15.479: [INFO] Sync initialization duration: 1644ms
2026-04-14 04:58:47.458: [INFO] VisibilityChanged: 0
2026-04-14 04:58:47.518: [INFO] BookmarkModelLoaded, ids_reassigned: 0
2026-04-14 04:58:47.518: [INFO] OnDoneLoading sync enabled: 0
2026-04-14 04:58:50.551: [INFO] Primary account changed.
2026-04-14 04:58:50.551: [INFO] OnPrimaryAccountChanged PrimaryAccountChangeEvent::Type::kSet
2026-04-14 04:58:53.191: [INFO] Sync initialization duration: 5671ms
2026-04-14 05:10:12.208: [INFO] VisibilityChanged: 0
2026-04-14 05:10:12.270: [INFO] BookmarkModelLoaded, ids_reassigned: 0
2026-04-14 05:10:12.270: [INFO] OnDoneLoading sync enabled: 1
2026-04-14 05:10:18.971: [INFO] Sync initialization duration: 697ms
2026-04-14 06:24:49.374: [INFO] VisibilityChanged: 0
2026-04-14 06:24:49.450: [INFO] BookmarkModelLoaded, ids_reassigned: 0
2026-04-14 06:24:49.450: [INFO] OnDoneLoading sync enabled: 0
2026-04-14 06:24:53.590: [INFO] Primary account changed.
2026-04-14 06:24:53.590: [INFO] OnPrimaryAccountChanged PrimaryAccountChangeEvent::Type::kSet
2026-04-14 06:24:56.516: [INFO] Sync initialization duration: 7063ms
2026-04-15 02:30:56.805: [INFO] VisibilityChanged: 0
2026-04-15 02:30:56.863: [INFO] BookmarkModelLoaded, ids_reassigned: 0
2026-04-15 02:30:56.863: [INFO] OnDoneLoading sync enabled: 0
2026-04-15 02:33:27.313: [INFO] VisibilityChanged: 1
2026-04-15 02:33:40.344: [INFO] VisibilityChanged: 0
