{"logTime": "0414/035414", "correlationVector":"AJ0Mg972zgR+e8p4WgKFbV.2","action":"Commit Response", "result":"Success", "context":Result: Success. cV=AJ0Mg972zgR+e8p4WgKFbV.0;server=akswtt103000008;cloudType=Consumer;environment=Prod_southindia_prod-s01-004-apac-southindia;migrationStage=NotStarted}
{"logTime": "0414/035524", "correlationVector":"gobB3uICddYByk3+QxnaAR","action":"Commit Request", "result":"", "context":Item count: 4
Contributing types: Sessions, History}
{"logTime": "0414/035524", "correlationVector":"gobB3uICddYByk3+QxnaAR.1","action":"SyncServerConnectionManagerRequest", "result":"SYNC_SERVER_OK", "context":{"environment":"Prod_southindia_prod-s01-004-apac-southindia", "migrationStage":"NotStarted", "server":"akswtt10300001s"}}
{"logTime": "0414/035524", "correlationVector":"gobB3uICddYByk3+QxnaAR.2","action":"Commit Response", "result":"Success", "context":Result: Success. cV=gobB3uICddYByk3+QxnaAR.0;server=akswtt10300001s;cloudType=Consumer;environment=Prod_southindia_prod-s01-004-apac-southindia;migrationStage=NotStarted}
{"logTime": "0414/035636", "correlationVector":"Knadp9cwWaTxvmfWgg7QTV","action":"Commit Request", "result":"", "context":Item count: 3
Contributing types: Sessions, History}
{"logTime": "0414/035636", "correlationVector":"Knadp9cwWaTxvmfWgg7QTV.1","action":"SyncServerConnectionManagerRequest", "result":"SYNC_SERVER_OK", "context":{"environment":"Prod_southindia_prod-s01-004-apac-southindia", "migrationStage":"NotStarted", "server":"akswtt10300000z"}}
{"logTime": "0414/035636", "correlationVector":"Knadp9cwWaTxvmfWgg7QTV.2","action":"Commit Response", "result":"Success", "context":Result: Success. cV=Knadp9cwWaTxvmfWgg7QTV.0;server=akswtt10300000z;cloudType=Consumer;environment=Prod_southindia_prod-s01-004-apac-southindia;migrationStage=NotStarted}
{"logTime": "0414/035904", "correlationVector":"B6JyklibV7sSNPw+1oFdag","action":"Commit Request", "result":"", "context":Item count: 5
Contributing types: Sessions, History}
{"logTime": "0414/035905", "correlationVector":"B6JyklibV7sSNPw+1oFdag.1","action":"SyncServerConnectionManagerRequest", "result":"SYNC_SERVER_OK", "context":{"environment":"Prod_southeastasia_prod-s01-064-apac-southeastasia", "migrationStage":"NotStarted", "server":"akswtt11200000k"}}
{"logTime": "0414/035905", "correlationVector":"B6JyklibV7sSNPw+1oFdag.2","action":"Commit Response", "result":"Success", "context":Result: Success. cV=B6JyklibV7sSNPw+1oFdag.0;server=akswtt11200000k;cloudType=Consumer;environment=Prod_southeastasia_prod-s01-064-apac-southeastasia;migrationStage=NotStarted}
{"logTime": "0414/040402", "correlationVector":"1qgrbzx5JPEqgR8psMTSrH","action":"Commit Request", "result":"", "context":Item count: 3
Contributing types: Sessions, History}
{"logTime": "0414/040403", "correlationVector":"1qgrbzx5JPEqgR8psMTSrH.1","action":"SyncServerConnectionManagerRequest", "result":"SYNC_SERVER_OK", "context":{"environment":"Prod_southindia_prod-s01-004-apac-southindia", "migrationStage":"NotStarted", "server":"akswtt103000009"}}
{"logTime": "0414/040403", "correlationVector":"1qgrbzx5JPEqgR8psMTSrH.2","action":"Commit Response", "result":"Success", "context":Result: Success. cV=1qgrbzx5JPEqgR8psMTSrH.0;server=akswtt103000009;cloudType=Consumer;environment=Prod_southindia_prod-s01-004-apac-southindia;migrationStage=NotStarted}
{"logTime": "0414/041628", "correlationVector":"Z6priiE6jZHiVKCXxyX0vS.1","action":"SyncServerConnectionManagerRequest", "result":"SYNC_SERVER_OK", "context":{"environment":"Prod_southindia_prod-s01-004-apac-southindia", "migrationStage":"NotStarted", "server":"akswtt103000000"}}
{"logTime": "0414/041628", "correlationVector":"Z6priiE6jZHiVKCXxyX0vS.2","action":"ProcessGetUpdates", "result":"Done", "context":{"dataType":"Encryption Keys", "deleted":"0", "process_failed_to_decrypt":"0", "process_pending_decryption":"0", "process_success":"1", "total":"1"}}
{"logTime": "0414/041629", "correlationVector":"RS53f1BOXds2tguOoc1ixC","action":"SyncServerConnectionManagerRequest", "result":"SYNC_SERVER_OK", "context":{"environment":"", "migrationStage":"", "server":""}}
{"logTime": "0414/041629", "correlationVector":"RS53f1BOXds2tguOoc1ixC.0","action":"EncryptionKeysFetcher.DownloadKeys:", "result":"Success", "context":Key count: 7, Last key timestamp: 2026-01-02T16:11:34Z}
{"logTime": "0414/041629", "correlationVector":"RS53f1BOXds2tguOoc1ixC.1","action":"EncryptionKeysManager::SetEncryptionKeys:", "result":"Success", "context":Key names[7]:[SqHSnXUHXb6saCyw1QjYAeYpzvRJ/J0vygKkwZIN4CCgcTXfVW2yb1XwK6Y8WAHDMyHgF42VMmXyRIkV0jpcgA==][QrLloh4YHUg+S5KXyAtOPYRumiFqUiKisHm17Swl/HMYwT2ryzLT+G7YVPRYnEE3hOJ2IEqInzSlFij5EFUWMQ==][gQqTSZ4jjL3IIyTRaad0XcJCjlBuFm64+xSdIrolQeKWIPiO66sW2ee7oMdiCmxON3xDXmVD5cEgazuO1RCfBA==][wSYRKiY3Gy+HLWoihSysn2YFiWFoJSuu2TLhmzFIZCi/KVDg8CmiIxvafj97eZweGPGWm0pwaWHXoqq6svSH3Q==][JTZc1fAMfMMVYWKTQXUWd/FOAdw4rDFeL+C4XMnbKBXYQI2I918iyDPXPIetjPFRIRzhgXJafZcHiZUfDh2+xA==][peosBfaJBAE0qmBaRrWo6Vs3AcBZDwQpTxk+UNLsKcDbA5Jo5XRTyx3DfZpSbA0WmaXVFUAalrlN6B1wIHtm8Q==][AYovSn7TCjvk+KB7zJuHMmWkTxa7nN6cyJtH7iI5Hpel2Kbt+sZOWNY4lTmnKu1BXHdMOVozXvEHjoqb2yjDNg==]}
{"logTime": "0414/041629", "correlationVector":"RS53f1BOXds2tguOoc1ixC.2","action":"EncryptionKeysManager::SetEncryptionKeysWithTimestamps:", "result":"Success", "context":Key timestamps[7]:[2021-12-13T05:54:17Z][2022-06-16T03:10:48Z][2023-05-21T13:59:12Z][2025-04-09T01:16:54Z][2025-10-09T09:44:41Z][2025-12-28T02:47:22Z][2026-01-02T16:11:34Z]}
{"logTime": "0414/041629", "correlationVector":"Z6priiE6jZHiVKCXxyX0vS","action":"Initial GetUpdates", "result":"", "context":Reason: NEW_CLIENT. cV=Z6priiE6jZHiVKCXxyX0vS}
{"logTime": "0414/041629", "correlationVector":"Z6priiE6jZHiVKCXxyX0vS.3","action":"GetUpdates Response", "result":"Success", "context":Received 1 update(s). cV=Z6priiE6jZHiVKCXxyX0vS.0;server=akswtt103000000;cloudType=Consumer;environment=Prod_southindia_prod-s01-004-apac-southindia;migrationStage=NotStarted}
{"logTime": "0414/041629", "correlationVector":"SmgMNUDdVtpDAa88E2V1kw","action":"Initial GetUpdates", "result":"", "context":Reason: NEWLY_SUPPORTED_DATATYPE. cV=SmgMNUDdVtpDAa88E2V1kw}
{"logTime": "0414/041629", "correlationVector":"SmgMNUDdVtpDAa88E2V1kw.1","action":"SyncServerConnectionManagerRequest", "result":"SYNC_SERVER_OK", "context":{"environment":"Prod_southindia_prod-s01-004-apac-southindia", "migrationStage":"NotStarted", "server":"akswtt10300000g"}}
{"logTime": "0414/041629", "correlationVector":"SmgMNUDdVtpDAa88E2V1kw.2","action":"ProcessGetUpdates", "result":"Done", "context":{"dataType":"Passwords", "deleted":"0", "process_failed_to_decrypt":"0", "process_pending_decryption":"0", "process_success":"11", "total":"11"}}
{"logTime": "0414/041629", "correlationVector":"SmgMNUDdVtpDAa88E2V1kw.3","action":"GetUpdates Response", "result":"Success", "context":Received 11 update(s). cV=SmgMNUDdVtpDAa88E2V1kw.0;server=akswtt10300000g;cloudType=Consumer;environment=Prod_southindia_prod-s01-004-apac-southindia;migrationStage=NotStarted}
{"logTime": "0414/041629", "correlationVector":"rjS6BV9klgQOGNOtSYs1xm","action":"Normal GetUpdate request", "result":"", "context":cV=rjS6BV9klgQOGNOtSYs1xm
Nudged types: Sessions, Device Info, History
Refresh requested types: Bookmarks, Preferences, Passwords, Autofill Profiles, Autofill, Extensions, Sessions, Extension settings, History Delete Directives, Device Info, User Consents, Send Tab To Self, Web Apps, History, Saved Tab Group, WebAuthn Credentials, Collection, Edge E Drop, Edge Hub App Usage, Edge Wallet, Edge Workspace, Encryption Keys}
{"logTime": "0414/041629", "correlationVector":"rjS6BV9klgQOGNOtSYs1xm.1","action":"SyncServerConnectionManagerRequest", "result":"SYNC_SERVER_OK", "context":{"environment":"Prod_southindia_prod-s01-004-apac-southindia", "migrationStage":"NotStarted", "server":"akswtt10300000z"}}
{"logTime": "0414/041629", "correlationVector":"rjS6BV9klgQOGNOtSYs1xm.2","action":"ProcessGetUpdates", "result":"Done", "context":{"dataType":"Preferences", "deleted":"0", "process_failed_to_decrypt":"0", "process_pending_decryption":"0", "process_success":"1", "total":"1"}}
{"logTime": "0414/041629", "correlationVector":"rjS6BV9klgQOGNOtSYs1xm.3","action":"ProcessGetUpdates", "result":"Done", "context":{"dataType":"Sessions", "deleted":"0", "process_failed_to_decrypt":"0", "process_pending_decryption":"0", "process_success":"2", "total":"2"}}
{"logTime": "0414/041629", "correlationVector":"rjS6BV9klgQOGNOtSYs1xm.4","action":"ProcessGetUpdates", "result":"Done", "context":{"dataType":"Device Info", "deleted":"0", "process_failed_to_decrypt":"0", "process_pending_decryption":"0", "process_success":"1", "total":"1"}}
{"logTime": "0414/041629", "correlationVector":"rjS6BV9klgQOGNOtSYs1xm.5","action":"ProcessGetUpdates", "result":"Done", "context":{"dataType":"History", "deleted":"0", "process_failed_to_decrypt":"0", "process_pending_decryption":"0", "process_success":"8", "total":"8"}}
{"logTime": "0414/041629", "correlationVector":"rjS6BV9klgQOGNOtSYs1xm.6","action":"GetUpdates Response", "result":"Success", "context":Received 12 update(s). cV=rjS6BV9klgQOGNOtSYs1xm.0;server=akswtt10300000z;cloudType=Consumer;environment=Prod_southindia_prod-s01-004-apac-southindia;migrationStage=NotStarted}
{"logTime": "0414/041629", "correlationVector":"IDJkd1ndqXoyS20isQp3vp","action":"Commit Request", "result":"", "context":Item count: 7
Contributing types: Sessions, Device Info, History}
{"logTime": "0414/041630", "correlationVector":"IDJkd1ndqXoyS20isQp3vp.1","action":"SyncServerConnectionManagerRequest", "result":"SYNC_SERVER_OK", "context":{"environment":"Prod_southindia_prod-s01-004-apac-southindia", "migrationStage":"NotStarted", "server":"akswtt10300001h"}}
{"logTime": "0414/041630", "correlationVector":"IDJkd1ndqXoyS20isQp3vp.2","action":"Commit Response", "result":"Success", "context":Result: Success. cV=IDJkd1ndqXoyS20isQp3vp.0;server=akswtt10300001h;cloudType=Consumer;environment=Prod_southindia_prod-s01-004-apac-southindia;migrationStage=NotStarted}
{"logTime": "0414/041631", "correlationVector":"4siiVh5E+AElQ7CV+bnqxd","action":"Commit Request", "result":"", "context":Item count: 11
Contributing types: Preferences, Passwords}
{"logTime": "0414/041632", "correlationVector":"4siiVh5E+AElQ7CV+bnqxd.1","action":"SyncServerConnectionManagerRequest", "result":"SYNC_SERVER_OK", "context":{"environment":"Prod_southindia_prod-s01-004-apac-southindia", "migrationStage":"NotStarted", "server":"akswtt10300000d"}}
{"logTime": "0414/041632", "correlationVector":"4siiVh5E+AElQ7CV+bnqxd.2","action":"Commit Response", "result":"Success", "context":Result: Success. cV=4siiVh5E+AElQ7CV+bnqxd.0;server=akswtt10300000d;cloudType=Consumer;environment=Prod_southindia_prod-s01-004-apac-southindia;migrationStage=NotStarted}
{"logTime": "0414/041732", "correlationVector":"PrA5TCPzTeu1+TalF/cTWZ","action":"Commit Request", "result":"", "context":Item count: 7
Contributing types: Sessions, History}
{"logTime": "0414/041733", "correlationVector":"PrA5TCPzTeu1+TalF/cTWZ.1","action":"SyncServerConnectionManagerRequest", "result":"SYNC_SERVER_OK", "context":{"environment":"Prod_southindia_prod-s01-004-apac-southindia", "migrationStage":"NotStarted", "server":"akswtt103000009"}}
{"logTime": "0414/041733", "correlationVector":"PrA5TCPzTeu1+TalF/cTWZ.3","action":"Commit.Sessions", "result":"Success", "context":{"id":"bfdbd546-e177-4ede-84c1-5fac23d1dc0c", "isDeleted":"true", "size":"0", "version":"1776140190630"}}
{"logTime": "0414/041733", "correlationVector":"PrA5TCPzTeu1+TalF/cTWZ.2","action":"Commit Response", "result":"Success", "context":Result: Success. cV=PrA5TCPzTeu1+TalF/cTWZ.0;server=akswtt103000009;cloudType=Consumer;environment=Prod_southindia_prod-s01-004-apac-southindia;migrationStage=NotStarted}
{"logTime": "0414/042257", "correlationVector":"El8WCQckcJ35or86GUgUoP","action":"Commit Request", "result":"", "context":Item count: 3
Contributing types: Sessions, History}
{"logTime": "0414/042257", "correlationVector":"El8WCQckcJ35or86GUgUoP.1","action":"SyncServerConnectionManagerRequest", "result":"SYNC_SERVER_OK", "context":{"environment":"Prod_southindia_prod-s01-004-apac-southindia", "migrationStage":"NotStarted", "server":"akswtt10300000l"}}
{"logTime": "0414/042257", "correlationVector":"El8WCQckcJ35or86GUgUoP.2","action":"Commit Response", "result":"Success", "context":Result: Success. cV=El8WCQckcJ35or86GUgUoP.0;server=akswtt10300000l;cloudType=Consumer;environment=Prod_southindia_prod-s01-004-apac-southindia;migrationStage=NotStarted}
{"logTime": "0414/042853", "correlationVector":"WKjRTszIs77iiJjN3XjgR3.1","action":"SyncServerConnectionManagerRequest", "result":"SYNC_SERVER_OK", "context":{"environment":"Prod_southindia_prod-s01-004-apac-southindia", "migrationStage":"NotStarted", "server":"akswtt10300000y"}}
{"logTime": "0414/042853", "correlationVector":"WKjRTszIs77iiJjN3XjgR3.2","action":"ProcessGetUpdates", "result":"Done", "context":{"dataType":"Encryption Keys", "deleted":"0", "process_failed_to_decrypt":"0", "process_pending_decryption":"0", "process_success":"1", "total":"1"}}
{"logTime": "0414/042853", "correlationVector":"jSUcu8fkZ1U3JvwmgOZmuc","action":"SyncServerConnectionManagerRequest", "result":"SYNC_SERVER_OK", "context":{"environment":"", "migrationStage":"", "server":""}}
{"logTime": "0414/042853", "correlationVector":"jSUcu8fkZ1U3JvwmgOZmuc.0","action":"EncryptionKeysFetcher.DownloadKeys:", "result":"Success", "context":Key count: 7, Last key timestamp: 2026-01-02T16:11:34Z}
{"logTime": "0414/042853", "correlationVector":"jSUcu8fkZ1U3JvwmgOZmuc.1","action":"EncryptionKeysManager::SetEncryptionKeys:", "result":"Success", "context":Key names[7]:[SqHSnXUHXb6saCyw1QjYAeYpzvRJ/J0vygKkwZIN4CCgcTXfVW2yb1XwK6Y8WAHDMyHgF42VMmXyRIkV0jpcgA==][QrLloh4YHUg+S5KXyAtOPYRumiFqUiKisHm17Swl/HMYwT2ryzLT+G7YVPRYnEE3hOJ2IEqInzSlFij5EFUWMQ==][gQqTSZ4jjL3IIyTRaad0XcJCjlBuFm64+xSdIrolQeKWIPiO66sW2ee7oMdiCmxON3xDXmVD5cEgazuO1RCfBA==][wSYRKiY3Gy+HLWoihSysn2YFiWFoJSuu2TLhmzFIZCi/KVDg8CmiIxvafj97eZweGPGWm0pwaWHXoqq6svSH3Q==][JTZc1fAMfMMVYWKTQXUWd/FOAdw4rDFeL+C4XMnbKBXYQI2I918iyDPXPIetjPFRIRzhgXJafZcHiZUfDh2+xA==][peosBfaJBAE0qmBaRrWo6Vs3AcBZDwQpTxk+UNLsKcDbA5Jo5XRTyx3DfZpSbA0WmaXVFUAalrlN6B1wIHtm8Q==][AYovSn7TCjvk+KB7zJuHMmWkTxa7nN6cyJtH7iI5Hpel2Kbt+sZOWNY4lTmnKu1BXHdMOVozXvEHjoqb2yjDNg==]}
{"logTime": "0414/042853", "correlationVector":"jSUcu8fkZ1U3JvwmgOZmuc.2","action":"EncryptionKeysManager::SetEncryptionKeysWithTimestamps:", "result":"Success", "context":Key timestamps[7]:[2021-12-13T05:54:17Z][2022-06-16T03:10:48Z][2023-05-21T13:59:12Z][2025-04-09T01:16:54Z][2025-10-09T09:44:41Z][2025-12-28T02:47:22Z][2026-01-02T16:11:34Z]}
{"logTime": "0414/042853", "correlationVector":"WKjRTszIs77iiJjN3XjgR3","action":"Initial GetUpdates", "result":"", "context":Reason: NEW_CLIENT. cV=WKjRTszIs77iiJjN3XjgR3}
{"logTime": "0414/042853", "correlationVector":"WKjRTszIs77iiJjN3XjgR3.3","action":"GetUpdates Response", "result":"Success", "context":Received 1 update(s). cV=WKjRTszIs77iiJjN3XjgR3.0;server=akswtt10300000y;cloudType=Consumer;environment=Prod_southindia_prod-s01-004-apac-southindia;migrationStage=NotStarted}
{"logTime": "0414/042853", "correlationVector":"d60AjLUyXmsnOBHQcJCqz/","action":"Initial GetUpdates", "result":"", "context":Reason: NEWLY_SUPPORTED_DATATYPE. cV=d60AjLUyXmsnOBHQcJCqz/}
{"logTime": "0414/042853", "correlationVector":"d60AjLUyXmsnOBHQcJCqz/.1","action":"SyncServerConnectionManagerRequest", "result":"SYNC_SERVER_OK", "context":{"environment":"Prod_southindia_prod-s01-004-apac-southindia", "migrationStage":"NotStarted", "server":"akswtt10300000z"}}
{"logTime": "0414/042853", "correlationVector":"d60AjLUyXmsnOBHQcJCqz/.2","action":"ProcessGetUpdates", "result":"Done", "context":{"dataType":"Preferences", "deleted":"0", "process_failed_to_decrypt":"0", "process_pending_decryption":"0", "process_success":"65", "total":"65"}}
{"logTime": "0414/042853", "correlationVector":"d60AjLUyXmsnOBHQcJCqz/.3","action":"ProcessGetUpdates", "result":"Done", "context":{"dataType":"Passwords", "deleted":"0", "process_failed_to_decrypt":"0", "process_pending_decryption":"0", "process_success":"11", "total":"11"}}
{"logTime": "0414/042853", "correlationVector":"d60AjLUyXmsnOBHQcJCqz/.4","action":"ProcessGetUpdates", "result":"Done", "context":{"dataType":"Device Info", "deleted":"0", "process_failed_to_decrypt":"0", "process_pending_decryption":"0", "process_success":"13", "total":"13"}}
{"logTime": "0414/042853", "correlationVector":"d60AjLUyXmsnOBHQcJCqz/.5","action":"GetUpdates Response", "result":"Success", "context":Received 89 update(s). cV=d60AjLUyXmsnOBHQcJCqz/.0;server=akswtt10300000z;cloudType=Consumer;environment=Prod_southindia_prod-s01-004-apac-southindia;migrationStage=NotStarted}
{"logTime": "0414/042853", "correlationVector":"HONIaRIgwLa5+SY8UVusTn","action":"Initial GetUpdates", "result":"", "context":Reason: NEWLY_SUPPORTED_DATATYPE. cV=HONIaRIgwLa5+SY8UVusTn}
{"logTime": "0414/042853", "correlationVector":"HONIaRIgwLa5+SY8UVusTn.1","action":"SyncServerConnectionManagerRequest", "result":"SYNC_SERVER_OK", "context":{"environment":"Prod_southindia_prod-s01-004-apac-southindia", "migrationStage":"NotStarted", "server":"akswtt10300001s"}}
{"logTime": "0414/042853", "correlationVector":"HONIaRIgwLa5+SY8UVusTn.2","action":"ProcessGetUpdates", "result":"Done", "context":{"dataType":"Bookmarks", "deleted":"0", "process_failed_to_decrypt":"0", "process_pending_decryption":"0", "process_success":"6", "total":"6"}}
{"logTime": "0414/042853", "correlationVector":"HONIaRIgwLa5+SY8UVusTn.3","action":"GetUpdates Response", "result":"Success", "context":Received 6 update(s). cV=HONIaRIgwLa5+SY8UVusTn.0;server=akswtt10300001s;cloudType=Consumer;environment=Prod_southindia_prod-s01-004-apac-southindia;migrationStage=NotStarted}
{"logTime": "0414/042853", "correlationVector":"7+575sX+ZfIuh8CZO4hniK","action":"Initial GetUpdates", "result":"", "context":Reason: NEWLY_SUPPORTED_DATATYPE. cV=7+575sX+ZfIuh8CZO4hniK}
{"logTime": "0414/042853", "correlationVector":"7+575sX+ZfIuh8CZO4hniK.1","action":"SyncServerConnectionManagerRequest", "result":"SYNC_SERVER_OK", "context":{"environment":"Prod_southindia_prod-s01-004-apac-southindia", "migrationStage":"NotStarted", "server":"akswtt10300000t"}}
{"logTime": "0414/042853", "correlationVector":"7+575sX+ZfIuh8CZO4hniK.2","action":"ProcessGetUpdates", "result":"Done", "context":{"dataType":"Autofill Profiles", "deleted":"0", "process_failed_to_decrypt":"0", "process_pending_decryption":"0", "process_success":"9", "total":"9"}}
{"logTime": "0414/042853", "correlationVector":"7+575sX+ZfIuh8CZO4hniK.3","action":"ProcessGetUpdates", "result":"Done", "context":{"dataType":"Autofill", "deleted":"0", "process_failed_to_decrypt":"0", "process_pending_decryption":"0", "process_success":"41", "total":"41"}}
{"logTime": "0414/042853", "correlationVector":"7+575sX+ZfIuh8CZO4hniK.4","action":"ProcessGetUpdates", "result":"Done", "context":{"dataType":"Sessions", "deleted":"12", "process_failed_to_decrypt":"0", "process_pending_decryption":"0", "process_success":"35", "total":"35"}}
{"logTime": "0414/042853", "correlationVector":"7+575sX+ZfIuh8CZO4hniK.5","action":"ProcessGetUpdates", "result":"Done", "context":{"dataType":"Edge Hub App Usage", "deleted":"5", "process_failed_to_decrypt":"0", "process_pending_decryption":"0", "process_success":"7", "total":"7"}}
{"logTime": "0414/042853", "correlationVector":"7+575sX+ZfIuh8CZO4hniK.6","action":"GetUpdates Response", "result":"Success", "context":Received 92 update(s). cV=7+575sX+ZfIuh8CZO4hniK.0;server=akswtt10300000t;cloudType=Consumer;environment=Prod_southindia_prod-s01-004-apac-southindia;migrationStage=NotStarted}
{"logTime": "0414/042854", "correlationVector":"YSRi+/ocL1c+RJJxNpKXli","action":"Initial GetUpdates", "result":"", "context":Reason: NEWLY_SUPPORTED_DATATYPE. cV=YSRi+/ocL1c+RJJxNpKXli}
{"logTime": "0414/042854", "correlationVector":"YSRi+/ocL1c+RJJxNpKXli.1","action":"SyncServerConnectionManagerRequest", "result":"SYNC_SERVER_OK", "context":{"environment":"Prod_southindia_prod-s01-004-apac-southindia", "migrationStage":"NotStarted", "server":"akswtt10300001h"}}
{"logTime": "0414/042854", "correlationVector":"YSRi+/ocL1c+RJJxNpKXli.2","action":"ProcessGetUpdates", "result":"Done", "context":{"dataType":"History", "deleted":"0", "process_failed_to_decrypt":"0", "process_pending_decryption":"0", "process_success":"250", "total":"250"}}
{"logTime": "0414/042854", "correlationVector":"YSRi+/ocL1c+RJJxNpKXli.3","action":"GetUpdates Response", "result":"Success", "context":Received 250 update(s). cV=YSRi+/ocL1c+RJJxNpKXli.0;server=akswtt10300001h;cloudType=Consumer;environment=Prod_southindia_prod-s01-004-apac-southindia;migrationStage=NotStarted Some updates remain.}
{"logTime": "0414/042854", "correlationVector":"MQNzD3XcJP9CzOWeiIkRPd","action":"Initial GetUpdates", "result":"", "context":Reason: NEWLY_SUPPORTED_DATATYPE. cV=MQNzD3XcJP9CzOWeiIkRPd}
{"logTime": "0414/042854", "correlationVector":"MQNzD3XcJP9CzOWeiIkRPd.1","action":"SyncServerConnectionManagerRequest", "result":"SYNC_SERVER_OK", "context":{"environment":"Prod_southindia_prod-s01-004-apac-southindia", "migrationStage":"NotStarted", "server":"akswtt10300000p"}}
{"logTime": "0414/042854", "correlationVector":"MQNzD3XcJP9CzOWeiIkRPd.2","action":"ProcessGetUpdates", "result":"Done", "context":{"dataType":"History", "deleted":"0", "process_failed_to_decrypt":"0", "process_pending_decryption":"0", "process_success":"87", "total":"87"}}
{"logTime": "0414/042854", "correlationVector":"MQNzD3XcJP9CzOWeiIkRPd.3","action":"GetUpdates Response", "result":"Success", "context":Received 87 update(s). cV=MQNzD3XcJP9CzOWeiIkRPd.0;server=akswtt10300000p;cloudType=Consumer;environment=Prod_southindia_prod-s01-004-apac-southindia;migrationStage=NotStarted}
{"logTime": "0414/042854", "correlationVector":"pbaPt5qtob/eE1Rdly8c+Z","action":"Normal GetUpdate request", "result":"", "context":cV=pbaPt5qtob/eE1Rdly8c+Z
Nudged types: Sessions, Device Info
Refresh requested types: Bookmarks, Preferences, Passwords, Autofill Profiles, Autofill, Extensions, Sessions, Extension settings, History Delete Directives, Device Info, User Consents, Send Tab To Self, Web Apps, History, Saved Tab Group, WebAuthn Credentials, Collection, Edge E Drop, Edge Hub App Usage, Edge Wallet, Edge Workspace, Encryption Keys}
{"logTime": "0414/042854", "correlationVector":"pbaPt5qtob/eE1Rdly8c+Z.1","action":"SyncServerConnectionManagerRequest", "result":"SYNC_SERVER_OK", "context":{"environment":"Prod_southindia_prod-s01-004-apac-southindia", "migrationStage":"NotStarted", "server":"akswtt103000008"}}
{"logTime": "0414/042854", "correlationVector":"pbaPt5qtob/eE1Rdly8c+Z.2","action":"GetUpdates Response", "result":"Success", "context":Received 0 update(s). cV=pbaPt5qtob/eE1Rdly8c+Z.0;server=akswtt103000008;cloudType=Consumer;environment=Prod_southindia_prod-s01-004-apac-southindia;migrationStage=NotStarted}
{"logTime": "0414/042854", "correlationVector":"DF6DJB2VaPAFD/mm6L+c2X","action":"Commit Request", "result":"", "context":Item count: 3
Contributing types: Sessions, Device Info}
{"logTime": "0414/042855", "correlationVector":"DF6DJB2VaPAFD/mm6L+c2X.1","action":"SyncServerConnectionManagerRequest", "result":"SYNC_SERVER_OK", "context":{"environment":"Prod_southindia_prod-s01-004-apac-southindia", "migrationStage":"NotStarted", "server":"akswtt10300001f"}}
{"logTime": "0414/042855", "correlationVector":"DF6DJB2VaPAFD/mm6L+c2X.2","action":"Commit Response", "result":"Success", "context":Result: Success. cV=DF6DJB2VaPAFD/mm6L+c2X.0;server=akswtt10300001f;cloudType=Consumer;environment=Prod_southindia_prod-s01-004-apac-southindia;migrationStage=NotStarted}
{"logTime": "0414/042855", "correlationVector":"fad1TWbOeyJQMhu47pvISS","action":"Commit Request", "result":"", "context":Item count: 11
Contributing types: Preferences, Passwords}
{"logTime": "0414/042855", "correlationVector":"fad1TWbOeyJQMhu47pvISS.1","action":"SyncServerConnectionManagerRequest", "result":"SYNC_SERVER_OK", "context":{"environment":"Prod_southindia_prod-s01-004-apac-southindia", "migrationStage":"NotStarted", "server":"akswtt10300001f"}}
{"logTime": "0414/042855", "correlationVector":"fad1TWbOeyJQMhu47pvISS.2","action":"Commit Response", "result":"Success", "context":Result: Success. cV=fad1TWbOeyJQMhu47pvISS.0;server=akswtt10300001f;cloudType=Consumer;environment=Prod_southindia_prod-s01-004-apac-southindia;migrationStage=NotStarted}
{"logTime": "0414/042957", "correlationVector":"6a0zjW25nUaCgGy0SrY68O","action":"Commit Request", "result":"", "context":Item count: 5
Contributing types: Sessions, History}
{"logTime": "0414/042957", "correlationVector":"6a0zjW25nUaCgGy0SrY68O.1","action":"SyncServerConnectionManagerRequest", "result":"SYNC_SERVER_OK", "context":{"environment":"Prod_southindia_prod-s01-004-apac-southindia", "migrationStage":"NotStarted", "server":"akswtt10300001f"}}
{"logTime": "0414/042957", "correlationVector":"6a0zjW25nUaCgGy0SrY68O.2","action":"Commit Response", "result":"Success", "context":Result: Success. cV=6a0zjW25nUaCgGy0SrY68O.0;server=akswtt10300001f;cloudType=Consumer;environment=Prod_southindia_prod-s01-004-apac-southindia;migrationStage=NotStarted}
{"logTime": "0414/043114", "correlationVector":"GEKmwnY4vw3ku/qh+pwbQ7","action":"Commit Request", "result":"", "context":Item count: 7
Contributing types: Sessions, History}
{"logTime": "0414/043114", "correlationVector":"GEKmwnY4vw3ku/qh+pwbQ7.1","action":"SyncServerConnectionManagerRequest", "result":"SYNC_SERVER_OK", "context":{"environment":"Prod_southeastasia_prod-s01-064-apac-southeastasia", "migrationStage":"NotStarted", "server":"akswtt112000005"}}
{"logTime": "0414/043114", "correlationVector":"GEKmwnY4vw3ku/qh+pwbQ7.2","action":"Commit Response", "result":"Success", "context":Result: Success. cV=GEKmwnY4vw3ku/qh+pwbQ7.0;server=akswtt112000005;cloudType=Consumer;environment=Prod_southeastasia_prod-s01-064-apac-southeastasia;migrationStage=NotStarted}
{"logTime": "0414/043215", "correlationVector":"gq4549QdvlVFUkf+P66jKQ","action":"Commit Request", "result":"", "context":Item count: 4
Contributing types: Sessions, History}
{"logTime": "0414/043216", "correlationVector":"gq4549QdvlVFUkf+P66jKQ.1","action":"SyncServerConnectionManagerRequest", "result":"SYNC_SERVER_OK", "context":{"environment":"Prod_southindia_prod-s01-004-apac-southindia", "migrationStage":"NotStarted", "server":"akswtt10300000c"}}
{"logTime": "0414/043216", "correlationVector":"gq4549QdvlVFUkf+P66jKQ.2","action":"Commit Response", "result":"Success", "context":Result: Success. cV=gq4549QdvlVFUkf+P66jKQ.0;server=akswtt10300000c;cloudType=Consumer;environment=Prod_southindia_prod-s01-004-apac-southindia;migrationStage=NotStarted}
{"logTime": "0414/043556", "correlationVector":"kXKLCS8BTKXlPKwi3Arkwb","action":"Commit Request", "result":"", "context":Item count: 6
Contributing types: Sessions, History}
{"logTime": "0414/043556", "correlationVector":"kXKLCS8BTKXlPKwi3Arkwb.1","action":"SyncServerConnectionManagerRequest", "result":"SYNC_SERVER_OK", "context":{"environment":"Prod_southindia_prod-s01-004-apac-southindia", "migrationStage":"NotStarted", "server":"akswtt10300001w"}}
{"logTime": "0414/043556", "correlationVector":"kXKLCS8BTKXlPKwi3Arkwb.2","action":"Commit Response", "result":"Success", "context":Result: Success. cV=kXKLCS8BTKXlPKwi3Arkwb.0;server=akswtt10300001w;cloudType=Consumer;environment=Prod_southindia_prod-s01-004-apac-southindia;migrationStage=NotStarted}
{"logTime": "0414/043718", "correlationVector":"Txb3YJahiN6S4QzXiBMthy","action":"Commit Request", "result":"", "context":Item count: 4
Contributing types: Sessions, History}
{"logTime": "0414/043718", "correlationVector":"Txb3YJahiN6S4QzXiBMthy.1","action":"SyncServerConnectionManagerRequest", "result":"SYNC_SERVER_OK", "context":{"environment":"Prod_southindia_prod-s01-004-apac-southindia", "migrationStage":"NotStarted", "server":"akswtt10300001s"}}
{"logTime": "0414/043718", "correlationVector":"Txb3YJahiN6S4QzXiBMthy.2","action":"Commit Response", "result":"Success", "context":Result: Success. cV=Txb3YJahiN6S4QzXiBMthy.0;server=akswtt10300001s;cloudType=Consumer;environment=Prod_southindia_prod-s01-004-apac-southindia;migrationStage=NotStarted}
{"logTime": "0414/044535", "correlationVector":"EkxIefg7EijkVms8XEUXGQ","action":"Commit Request", "result":"", "context":Item count: 1
Contributing types: Sessions}
{"logTime": "0414/044536", "correlationVector":"EkxIefg7EijkVms8XEUXGQ.1","action":"SyncServerConnectionManagerRequest", "result":"SYNC_SERVER_OK", "context":{"environment":"Prod_southindia_prod-s01-004-apac-southindia", "migrationStage":"NotStarted", "server":"akswtt10300000p"}}
{"logTime": "0414/044536", "correlationVector":"EkxIefg7EijkVms8XEUXGQ.2","action":"Commit Response", "result":"Success", "context":Result: Success. cV=EkxIefg7EijkVms8XEUXGQ.0;server=akswtt10300000p;cloudType=Consumer;environment=Prod_southindia_prod-s01-004-apac-southindia;migrationStage=NotStarted}
{"logTime": "0414/044714", "correlationVector":"ycutI5/9wGoytliWThA2R9.1","action":"SyncServerConnectionManagerRequest", "result":"SYNC_SERVER_OK", "context":{"environment":"Prod_southindia_prod-s01-004-apac-southindia", "migrationStage":"NotStarted", "server":"akswtt103000005"}}
{"logTime": "0414/044714", "correlationVector":"ycutI5/9wGoytliWThA2R9.2","action":"ProcessGetUpdates", "result":"Done", "context":{"dataType":"Encryption Keys", "deleted":"0", "process_failed_to_decrypt":"0", "process_pending_decryption":"0", "process_success":"1", "total":"1"}}
{"logTime": "0414/044715", "correlationVector":"pFShNzyAs/azfHdmZm2tLv","action":"SyncServerConnectionManagerRequest", "result":"SYNC_SERVER_OK", "context":{"environment":"", "migrationStage":"", "server":""}}
{"logTime": "0414/044715", "correlationVector":"pFShNzyAs/azfHdmZm2tLv.0","action":"EncryptionKeysFetcher.DownloadKeys:", "result":"Success", "context":Key count: 7, Last key timestamp: 2026-01-02T16:11:34Z}
{"logTime": "0414/044715", "correlationVector":"pFShNzyAs/azfHdmZm2tLv.1","action":"EncryptionKeysManager::SetEncryptionKeys:", "result":"Success", "context":Key names[7]:[SqHSnXUHXb6saCyw1QjYAeYpzvRJ/J0vygKkwZIN4CCgcTXfVW2yb1XwK6Y8WAHDMyHgF42VMmXyRIkV0jpcgA==][QrLloh4YHUg+S5KXyAtOPYRumiFqUiKisHm17Swl/HMYwT2ryzLT+G7YVPRYnEE3hOJ2IEqInzSlFij5EFUWMQ==][gQqTSZ4jjL3IIyTRaad0XcJCjlBuFm64+xSdIrolQeKWIPiO66sW2ee7oMdiCmxON3xDXmVD5cEgazuO1RCfBA==][wSYRKiY3Gy+HLWoihSysn2YFiWFoJSuu2TLhmzFIZCi/KVDg8CmiIxvafj97eZweGPGWm0pwaWHXoqq6svSH3Q==][JTZc1fAMfMMVYWKTQXUWd/FOAdw4rDFeL+C4XMnbKBXYQI2I918iyDPXPIetjPFRIRzhgXJafZcHiZUfDh2+xA==][peosBfaJBAE0qmBaRrWo6Vs3AcBZDwQpTxk+UNLsKcDbA5Jo5XRTyx3DfZpSbA0WmaXVFUAalrlN6B1wIHtm8Q==][AYovSn7TCjvk+KB7zJuHMmWkTxa7nN6cyJtH7iI5Hpel2Kbt+sZOWNY4lTmnKu1BXHdMOVozXvEHjoqb2yjDNg==]}
{"logTime": "0414/044715", "correlationVector":"pFShNzyAs/azfHdmZm2tLv.2","action":"EncryptionKeysManager::SetEncryptionKeysWithTimestamps:", "result":"Success", "context":Key timestamps[7]:[2021-12-13T05:54:17Z][2022-06-16T03:10:48Z][2023-05-21T13:59:12Z][2025-04-09T01:16:54Z][2025-10-09T09:44:41Z][2025-12-28T02:47:22Z][2026-01-02T16:11:34Z]}
{"logTime": "0414/044715", "correlationVector":"ycutI5/9wGoytliWThA2R9","action":"Initial GetUpdates", "result":"", "context":Reason: NEW_CLIENT. cV=ycutI5/9wGoytliWThA2R9}
{"logTime": "0414/044715", "correlationVector":"ycutI5/9wGoytliWThA2R9.3","action":"GetUpdates Response", "result":"Success", "context":Received 1 update(s). cV=ycutI5/9wGoytliWThA2R9.0;server=akswtt103000005;cloudType=Consumer;environment=Prod_southindia_prod-s01-004-apac-southindia;migrationStage=NotStarted}
{"logTime": "0414/044715", "correlationVector":"aRM/aYLQhLUGlKeUHBxcC1","action":"Initial GetUpdates", "result":"", "context":Reason: NEWLY_SUPPORTED_DATATYPE. cV=aRM/aYLQhLUGlKeUHBxcC1}
{"logTime": "0414/044715", "correlationVector":"aRM/aYLQhLUGlKeUHBxcC1.1","action":"SyncServerConnectionManagerRequest", "result":"SYNC_SERVER_OK", "context":{"environment":"Prod_southindia_prod-s01-004-apac-southindia", "migrationStage":"NotStarted", "server":"akswtt10300000v"}}
{"logTime": "0414/044715", "correlationVector":"aRM/aYLQhLUGlKeUHBxcC1.2","action":"ProcessGetUpdates", "result":"Done", "context":{"dataType":"Passwords", "deleted":"0", "process_failed_to_decrypt":"0", "process_pending_decryption":"0", "process_success":"11", "total":"11"}}
{"logTime": "0414/044715", "correlationVector":"aRM/aYLQhLUGlKeUHBxcC1.3","action":"GetUpdates Response", "result":"Success", "context":Received 11 update(s). cV=aRM/aYLQhLUGlKeUHBxcC1.0;server=akswtt10300000v;cloudType=Consumer;environment=Prod_southindia_prod-s01-004-apac-southindia;migrationStage=NotStarted}
{"logTime": "0414/044715", "correlationVector":"4/M9dxpavUTBD5WBVXytCp","action":"Normal GetUpdate request", "result":"", "context":cV=4/M9dxpavUTBD5WBVXytCp
Nudged types: Sessions, Device Info, History
Refresh requested types: Bookmarks, Preferences, Passwords, Autofill Profiles, Autofill, Extensions, Sessions, Extension settings, History Delete Directives, Device Info, User Consents, Send Tab To Self, Web Apps, History, Saved Tab Group, WebAuthn Credentials, Collection, Edge E Drop, Edge Hub App Usage, Edge Wallet, Edge Workspace, Encryption Keys}
{"logTime": "0414/044715", "correlationVector":"4/M9dxpavUTBD5WBVXytCp.1","action":"SyncServerConnectionManagerRequest", "result":"SYNC_SERVER_OK", "context":{"environment":"Prod_southindia_prod-s01-004-apac-southindia", "migrationStage":"NotStarted", "server":"akswtt10300000r"}}
{"logTime": "0414/044715", "correlationVector":"4/M9dxpavUTBD5WBVXytCp.2","action":"ProcessGetUpdates", "result":"Done", "context":{"dataType":"Preferences", "deleted":"0", "process_failed_to_decrypt":"0", "process_pending_decryption":"0", "process_success":"1", "total":"1"}}
{"logTime": "0414/044715", "correlationVector":"4/M9dxpavUTBD5WBVXytCp.3","action":"ProcessGetUpdates", "result":"Done", "context":{"dataType":"Sessions", "deleted":"0", "process_failed_to_decrypt":"0", "process_pending_decryption":"0", "process_success":"2", "total":"2"}}
{"logTime": "0414/044715", "correlationVector":"4/M9dxpavUTBD5WBVXytCp.4","action":"ProcessGetUpdates", "result":"Done", "context":{"dataType":"Device Info", "deleted":"0", "process_failed_to_decrypt":"0", "process_pending_decryption":"0", "process_success":"1", "total":"1"}}
{"logTime": "0414/044715", "correlationVector":"4/M9dxpavUTBD5WBVXytCp.5","action":"ProcessGetUpdates", "result":"Done", "context":{"dataType":"History", "deleted":"0", "process_failed_to_decrypt":"0", "process_pending_decryption":"0", "process_success":"17", "total":"17"}}
{"logTime": "0414/044715", "correlationVector":"4/M9dxpavUTBD5WBVXytCp.6","action":"GetUpdates Response", "result":"Success", "context":Received 21 update(s). cV=4/M9dxpavUTBD5WBVXytCp.0;server=akswtt10300000r;cloudType=Consumer;environment=Prod_southindia_prod-s01-004-apac-southindia;migrationStage=NotStarted}
{"logTime": "0414/044715", "correlationVector":"R/SoQ4bEriD4NY/44iiyqm","action":"Commit Request", "result":"", "context":Item count: 4
Contributing types: Sessions, Device Info, History}
{"logTime": "0414/044716", "correlationVector":"R/SoQ4bEriD4NY/44iiyqm.1","action":"SyncServerConnectionManagerRequest", "result":"SYNC_SERVER_OK", "context":{"environment":"Prod_southindia_prod-s01-004-apac-southindia", "migrationStage":"NotStarted", "server":"akswtt10300001q"}}
{"logTime": "0414/044716", "correlationVector":"R/SoQ4bEriD4NY/44iiyqm.2","action":"Commit Response", "result":"Success", "context":Result: Success. cV=R/SoQ4bEriD4NY/44iiyqm.0;server=akswtt10300001q;cloudType=Consumer;environment=Prod_southindia_prod-s01-004-apac-southindia;migrationStage=NotStarted}
{"logTime": "0414/044717", "correlationVector":"JUjxYIsYTr+5kvIlCmUtVm","action":"Commit Request", "result":"", "context":Item count: 11
Contributing types: Preferences, Passwords}
{"logTime": "0414/044718", "correlationVector":"JUjxYIsYTr+5kvIlCmUtVm.1","action":"SyncServerConnectionManagerRequest", "result":"SYNC_SERVER_OK", "context":{"environment":"Prod_southindia_prod-s01-004-apac-southindia", "migrationStage":"NotStarted", "server":"akswtt10300000l"}}
{"logTime": "0414/044718", "correlationVector":"JUjxYIsYTr+5kvIlCmUtVm.2","action":"Commit Response", "result":"Success", "context":Result: Success. cV=JUjxYIsYTr+5kvIlCmUtVm.0;server=akswtt10300000l;cloudType=Consumer;environment=Prod_southindia_prod-s01-004-apac-southindia;migrationStage=NotStarted}
{"logTime": "0414/044813", "correlationVector":"TKikbc5qCnm0i5N6NI+GJH","action":"Commit Request", "result":"", "context":Item count: 4
Contributing types: Sessions, Device Info, History}
{"logTime": "0414/044814", "correlationVector":"TKikbc5qCnm0i5N6NI+GJH.1","action":"SyncServerConnectionManagerRequest", "result":"SYNC_SERVER_OK", "context":{"environment":"Prod_southindia_prod-s01-004-apac-southindia", "migrationStage":"NotStarted", "server":"akswtt10300000q"}}
{"logTime": "0414/044814", "correlationVector":"TKikbc5qCnm0i5N6NI+GJH.2","action":"Commit Response", "result":"Success", "context":Result: Success. cV=TKikbc5qCnm0i5N6NI+GJH.0;server=akswtt10300000q;cloudType=Consumer;environment=Prod_southindia_prod-s01-004-apac-southindia;migrationStage=NotStarted}
{"logTime": "0414/044958", "correlationVector":"1EixApSLGcbFuIjqdo33Xi","action":"Commit Request", "result":"", "context":Item count: 6
Contributing types: Sessions, History}
{"logTime": "0414/044958", "correlationVector":"1EixApSLGcbFuIjqdo33Xi.1","action":"SyncServerConnectionManagerRequest", "result":"SYNC_SERVER_OK", "context":{"environment":"Prod_southindia_prod-s01-004-apac-southindia", "migrationStage":"NotStarted", "server":"akswtt10300000d"}}
{"logTime": "0414/044958", "correlationVector":"1EixApSLGcbFuIjqdo33Xi.2","action":"Commit Response", "result":"Success", "context":Result: Success. cV=1EixApSLGcbFuIjqdo33Xi.0;server=akswtt10300000d;cloudType=Consumer;environment=Prod_southindia_prod-s01-004-apac-southindia;migrationStage=NotStarted}
{"logTime": "0414/045103", "correlationVector":"k7P7dHl2h6TkF8dIFjyoZ4","action":"Commit Request", "result":"", "context":Item count: 4
Contributing types: Sessions, History}
{"logTime": "0414/045104", "correlationVector":"k7P7dHl2h6TkF8dIFjyoZ4.1","action":"SyncServerConnectionManagerRequest", "result":"SYNC_SERVER_OK", "context":{"environment":"Prod_southindia_prod-s01-004-apac-southindia", "migrationStage":"NotStarted", "server":"akswtt10300000q"}}
{"logTime": "0414/045104", "correlationVector":"k7P7dHl2h6TkF8dIFjyoZ4.2","action":"Commit Response", "result":"Success", "context":Result: Success. cV=k7P7dHl2h6TkF8dIFjyoZ4.0;server=akswtt10300000q;cloudType=Consumer;environment=Prod_southindia_prod-s01-004-apac-southindia;migrationStage=NotStarted}
{"logTime": "0414/045215", "correlationVector":"GcJIARbFBcEHbhFYtBfFcv","action":"Commit Request", "result":"", "context":Item count: 4
Contributing types: Sessions, History}
{"logTime": "0414/045215", "correlationVector":"GcJIARbFBcEHbhFYtBfFcv.1","action":"SyncServerConnectionManagerRequest", "result":"SYNC_SERVER_OK", "context":{"environment":"Prod_southindia_prod-s01-004-apac-southindia", "migrationStage":"NotStarted", "server":"akswtt10300000r"}}
{"logTime": "0414/045215", "correlationVector":"GcJIARbFBcEHbhFYtBfFcv.2","action":"Commit Response", "result":"Success", "context":Result: Success. cV=GcJIARbFBcEHbhFYtBfFcv.0;server=akswtt10300000r;cloudType=Consumer;environment=Prod_southindia_prod-s01-004-apac-southindia;migrationStage=NotStarted}
{"logTime": "0414/045851", "correlationVector":"uBtSFsdLYOuQbaaIQAiFfE.1","action":"SyncServerConnectionManagerRequest", "result":"SYNC_SERVER_OK", "context":{"environment":"Prod_southindia_prod-s01-004-apac-southindia", "migrationStage":"NotStarted", "server":"akswtt10300001i"}}
{"logTime": "0414/045851", "correlationVector":"uBtSFsdLYOuQbaaIQAiFfE.2","action":"ProcessGetUpdates", "result":"Done", "context":{"dataType":"Encryption Keys", "deleted":"0", "process_failed_to_decrypt":"0", "process_pending_decryption":"0", "process_success":"1", "total":"1"}}
{"logTime": "0414/045852", "correlationVector":"Fde3LdlxPxvFF63urOFxWl","action":"SyncServerConnectionManagerRequest", "result":"SYNC_SERVER_OK", "context":{"environment":"", "migrationStage":"", "server":""}}
{"logTime": "0414/045852", "correlationVector":"Fde3LdlxPxvFF63urOFxWl.0","action":"EncryptionKeysFetcher.DownloadKeys:", "result":"Success", "context":Key count: 7, Last key timestamp: 2026-01-02T16:11:34Z}
{"logTime": "0414/045852", "correlationVector":"Fde3LdlxPxvFF63urOFxWl.1","action":"EncryptionKeysManager::SetEncryptionKeys:", "result":"Success", "context":Key names[7]:[SqHSnXUHXb6saCyw1QjYAeYpzvRJ/J0vygKkwZIN4CCgcTXfVW2yb1XwK6Y8WAHDMyHgF42VMmXyRIkV0jpcgA==][QrLloh4YHUg+S5KXyAtOPYRumiFqUiKisHm17Swl/HMYwT2ryzLT+G7YVPRYnEE3hOJ2IEqInzSlFij5EFUWMQ==][gQqTSZ4jjL3IIyTRaad0XcJCjlBuFm64+xSdIrolQeKWIPiO66sW2ee7oMdiCmxON3xDXmVD5cEgazuO1RCfBA==][wSYRKiY3Gy+HLWoihSysn2YFiWFoJSuu2TLhmzFIZCi/KVDg8CmiIxvafj97eZweGPGWm0pwaWHXoqq6svSH3Q==][JTZc1fAMfMMVYWKTQXUWd/FOAdw4rDFeL+C4XMnbKBXYQI2I918iyDPXPIetjPFRIRzhgXJafZcHiZUfDh2+xA==][peosBfaJBAE0qmBaRrWo6Vs3AcBZDwQpTxk+UNLsKcDbA5Jo5XRTyx3DfZpSbA0WmaXVFUAalrlN6B1wIHtm8Q==][AYovSn7TCjvk+KB7zJuHMmWkTxa7nN6cyJtH7iI5Hpel2Kbt+sZOWNY4lTmnKu1BXHdMOVozXvEHjoqb2yjDNg==]}
{"logTime": "0414/045852", "correlationVector":"Fde3LdlxPxvFF63urOFxWl.2","action":"EncryptionKeysManager::SetEncryptionKeysWithTimestamps:", "result":"Success", "context":Key timestamps[7]:[2021-12-13T05:54:17Z][2022-06-16T03:10:48Z][2023-05-21T13:59:12Z][2025-04-09T01:16:54Z][2025-10-09T09:44:41Z][2025-12-28T02:47:22Z][2026-01-02T16:11:34Z]}
{"logTime": "0414/045852", "correlationVector":"uBtSFsdLYOuQbaaIQAiFfE","action":"Initial GetUpdates", "result":"", "context":Reason: NEW_CLIENT. cV=uBtSFsdLYOuQbaaIQAiFfE}
{"logTime": "0414/045852", "correlationVector":"uBtSFsdLYOuQbaaIQAiFfE.3","action":"GetUpdates Response", "result":"Success", "context":Received 1 update(s). cV=uBtSFsdLYOuQbaaIQAiFfE.0;server=akswtt10300001i;cloudType=Consumer;environment=Prod_southindia_prod-s01-004-apac-southindia;migrationStage=NotStarted}
{"logTime": "0414/045852", "correlationVector":"zvr47GgKXZVldKPvuILiu6","action":"Initial GetUpdates", "result":"", "context":Reason: NEWLY_SUPPORTED_DATATYPE. cV=zvr47GgKXZVldKPvuILiu6}
{"logTime": "0414/045852", "correlationVector":"zvr47GgKXZVldKPvuILiu6.1","action":"SyncServerConnectionManagerRequest", "result":"SYNC_SERVER_OK", "context":{"environment":"Prod_southindia_prod-s01-004-apac-southindia", "migrationStage":"NotStarted", "server":"akswtt10300000g"}}
{"logTime": "0414/045852", "correlationVector":"zvr47GgKXZVldKPvuILiu6.2","action":"ProcessGetUpdates", "result":"Done", "context":{"dataType":"Preferences", "deleted":"0", "process_failed_to_decrypt":"0", "process_pending_decryption":"0", "process_success":"65", "total":"65"}}
{"logTime": "0414/045852", "correlationVector":"zvr47GgKXZVldKPvuILiu6.3","action":"ProcessGetUpdates", "result":"Done", "context":{"dataType":"Passwords", "deleted":"0", "process_failed_to_decrypt":"0", "process_pending_decryption":"0", "process_success":"11", "total":"11"}}
{"logTime": "0414/045852", "correlationVector":"zvr47GgKXZVldKPvuILiu6.4","action":"ProcessGetUpdates", "result":"Done", "context":{"dataType":"Device Info", "deleted":"0", "process_failed_to_decrypt":"0", "process_pending_decryption":"0", "process_success":"13", "total":"13"}}
{"logTime": "0414/045852", "correlationVector":"zvr47GgKXZVldKPvuILiu6.5","action":"GetUpdates Response", "result":"Success", "context":Received 89 update(s). cV=zvr47GgKXZVldKPvuILiu6.0;server=akswtt10300000g;cloudType=Consumer;environment=Prod_southindia_prod-s01-004-apac-southindia;migrationStage=NotStarted}
{"logTime": "0414/045852", "correlationVector":"fb3DXFxw0xqdFelv3lcBI3","action":"Initial GetUpdates", "result":"", "context":Reason: NEWLY_SUPPORTED_DATATYPE. cV=fb3DXFxw0xqdFelv3lcBI3}
{"logTime": "0414/045852", "correlationVector":"fb3DXFxw0xqdFelv3lcBI3.1","action":"SyncServerConnectionManagerRequest", "result":"SYNC_SERVER_OK", "context":{"environment":"Prod_southindia_prod-s01-004-apac-southindia", "migrationStage":"NotStarted", "server":"akswtt10300001i"}}
{"logTime": "0414/045852", "correlationVector":"fb3DXFxw0xqdFelv3lcBI3.2","action":"ProcessGetUpdates", "result":"Done", "context":{"dataType":"Bookmarks", "deleted":"0", "process_failed_to_decrypt":"0", "process_pending_decryption":"0", "process_success":"6", "total":"6"}}
{"logTime": "0414/045852", "correlationVector":"fb3DXFxw0xqdFelv3lcBI3.3","action":"GetUpdates Response", "result":"Success", "context":Received 6 update(s). cV=fb3DXFxw0xqdFelv3lcBI3.0;server=akswtt10300001i;cloudType=Consumer;environment=Prod_southindia_prod-s01-004-apac-southindia;migrationStage=NotStarted}
{"logTime": "0414/045852", "correlationVector":"ShbrrtQOTxh9jPMqI8Y/TM","action":"Initial GetUpdates", "result":"", "context":Reason: NEWLY_SUPPORTED_DATATYPE. cV=ShbrrtQOTxh9jPMqI8Y/TM}
{"logTime": "0414/045853", "correlationVector":"ShbrrtQOTxh9jPMqI8Y/TM.1","action":"SyncServerConnectionManagerRequest", "result":"SYNC_SERVER_OK", "context":{"environment":"Prod_southindia_prod-s01-004-apac-southindia", "migrationStage":"NotStarted", "server":"akswtt10300001l"}}
{"logTime": "0414/045853", "correlationVector":"ShbrrtQOTxh9jPMqI8Y/TM.2","action":"ProcessGetUpdates", "result":"Done", "context":{"dataType":"Autofill Profiles", "deleted":"0", "process_failed_to_decrypt":"0", "process_pending_decryption":"0", "process_success":"9", "total":"9"}}
{"logTime": "0414/045853", "correlationVector":"ShbrrtQOTxh9jPMqI8Y/TM.3","action":"ProcessGetUpdates", "result":"Done", "context":{"dataType":"Autofill", "deleted":"0", "process_failed_to_decrypt":"0", "process_pending_decryption":"0", "process_success":"41", "total":"41"}}
{"logTime": "0414/045853", "correlationVector":"ShbrrtQOTxh9jPMqI8Y/TM.4","action":"ProcessGetUpdates", "result":"Done", "context":{"dataType":"Sessions", "deleted":"12", "process_failed_to_decrypt":"0", "process_pending_decryption":"0", "process_success":"36", "total":"36"}}
{"logTime": "0414/045853", "correlationVector":"ShbrrtQOTxh9jPMqI8Y/TM.5","action":"ProcessGetUpdates", "result":"Done", "context":{"dataType":"Edge Hub App Usage", "deleted":"5", "process_failed_to_decrypt":"0", "process_pending_decryption":"0", "process_success":"7", "total":"7"}}
{"logTime": "0414/045853", "correlationVector":"ShbrrtQOTxh9jPMqI8Y/TM.6","action":"GetUpdates Response", "result":"Success", "context":Received 93 update(s). cV=ShbrrtQOTxh9jPMqI8Y/TM.0;server=akswtt10300001l;cloudType=Consumer;environment=Prod_southindia_prod-s01-004-apac-southindia;migrationStage=NotStarted}
{"logTime": "0414/045853", "correlationVector":"MXXNmGyypjRtpNyNg89g1w","action":"Initial GetUpdates", "result":"", "context":Reason: NEWLY_SUPPORTED_DATATYPE. cV=MXXNmGyypjRtpNyNg89g1w}
{"logTime": "0414/045853", "correlationVector":"MXXNmGyypjRtpNyNg89g1w.1","action":"SyncServerConnectionManagerRequest", "result":"SYNC_SERVER_OK", "context":{"environment":"Prod_southindia_prod-s01-004-apac-southindia", "migrationStage":"NotStarted", "server":"akswtt103000003"}}
{"logTime": "0414/045853", "correlationVector":"MXXNmGyypjRtpNyNg89g1w.2","action":"ProcessGetUpdates", "result":"Done", "context":{"dataType":"History", "deleted":"0", "process_failed_to_decrypt":"0", "process_pending_decryption":"0", "process_success":"250", "total":"250"}}
{"logTime": "0414/045853", "correlationVector":"MXXNmGyypjRtpNyNg89g1w.3","action":"GetUpdates Response", "result":"Success", "context":Received 250 update(s). cV=MXXNmGyypjRtpNyNg89g1w.0;server=akswtt103000003;cloudType=Consumer;environment=Prod_southindia_prod-s01-004-apac-southindia;migrationStage=NotStarted Some updates remain.}
{"logTime": "0414/045853", "correlationVector":"moWqRGa+1WjudqjNgrmygv","action":"Initial GetUpdates", "result":"", "context":Reason: NEWLY_SUPPORTED_DATATYPE. cV=moWqRGa+1WjudqjNgrmygv}
{"logTime": "0414/045853", "correlationVector":"moWqRGa+1WjudqjNgrmygv.1","action":"SyncServerConnectionManagerRequest", "result":"SYNC_SERVER_OK", "context":{"environment":"Prod_southindia_prod-s01-004-apac-southindia", "migrationStage":"NotStarted", "server":"akswtt10300000a"}}
{"logTime": "0414/045853", "correlationVector":"moWqRGa+1WjudqjNgrmygv.2","action":"ProcessGetUpdates", "result":"Done", "context":{"dataType":"History", "deleted":"0", "process_failed_to_decrypt":"0", "process_pending_decryption":"0", "process_success":"114", "total":"114"}}
{"logTime": "0414/045853", "correlationVector":"moWqRGa+1WjudqjNgrmygv.3","action":"GetUpdates Response", "result":"Success", "context":Received 114 update(s). cV=moWqRGa+1WjudqjNgrmygv.0;server=akswtt10300000a;cloudType=Consumer;environment=Prod_southindia_prod-s01-004-apac-southindia;migrationStage=NotStarted}
{"logTime": "0414/045853", "correlationVector":"Jvna0Yyg9Adp8gLMafPzW4","action":"Normal GetUpdate request", "result":"", "context":cV=Jvna0Yyg9Adp8gLMafPzW4
Nudged types: Sessions, Device Info
Refresh requested types: Bookmarks, Preferences, Passwords, Autofill Profiles, Autofill, Extensions, Sessions, Extension settings, History Delete Directives, Device Info, User Consents, Send Tab To Self, Web Apps, History, Saved Tab Group, WebAuthn Credentials, Collection, Edge E Drop, Edge Hub App Usage, Edge Wallet, Edge Workspace, Encryption Keys}
{"logTime": "0414/045854", "correlationVector":"Jvna0Yyg9Adp8gLMafPzW4.1","action":"SyncServerConnectionManagerRequest", "result":"SYNC_SERVER_OK", "context":{"environment":"Prod_southindia_prod-s01-004-apac-southindia", "migrationStage":"NotStarted", "server":"akswtt10300000a"}}
{"logTime": "0414/045854", "correlationVector":"Jvna0Yyg9Adp8gLMafPzW4.2","action":"GetUpdates Response", "result":"Success", "context":Received 0 update(s). cV=Jvna0Yyg9Adp8gLMafPzW4.0;server=akswtt10300000a;cloudType=Consumer;environment=Prod_southindia_prod-s01-004-apac-southindia;migrationStage=NotStarted}
{"logTime": "0414/045854", "correlationVector":"CEXRc1rAgx5mjbHEu2Ir7z","action":"Commit Request", "result":"", "context":Item count: 3
Contributing types: Sessions, Device Info}
{"logTime": "0414/045854", "correlationVector":"CEXRc1rAgx5mjbHEu2Ir7z.1","action":"SyncServerConnectionManagerRequest", "result":"SYNC_SERVER_OK", "context":{"environment":"Prod_southindia_prod-s01-004-apac-southindia", "migrationStage":"NotStarted", "server":"akswtt10300000g"}}
{"logTime": "0414/045854", "correlationVector":"CEXRc1rAgx5mjbHEu2Ir7z.2","action":"Commit Response", "result":"Success", "context":Result: Success. cV=CEXRc1rAgx5mjbHEu2Ir7z.0;server=akswtt10300000g;cloudType=Consumer;environment=Prod_southindia_prod-s01-004-apac-southindia;migrationStage=NotStarted}
{"logTime": "0414/045854", "correlationVector":"Qlw/rBqkY4J1B2cte68F1h","action":"Commit Request", "result":"", "context":Item count: 11
Contributing types: Preferences, Passwords}
{"logTime": "0414/045855", "correlationVector":"Qlw/rBqkY4J1B2cte68F1h.1","action":"SyncServerConnectionManagerRequest", "result":"SYNC_SERVER_OK", "context":{"environment":"Prod_southindia_prod-s01-004-apac-southindia", "migrationStage":"NotStarted", "server":"akswtt10300000r"}}
{"logTime": "0414/045855", "correlationVector":"Qlw/rBqkY4J1B2cte68F1h.2","action":"Commit Response", "result":"Success", "context":Result: Success. cV=Qlw/rBqkY4J1B2cte68F1h.0;server=akswtt10300000r;cloudType=Consumer;environment=Prod_southindia_prod-s01-004-apac-southindia;migrationStage=NotStarted}
{"logTime": "0414/045958", "correlationVector":"NyRYmggK++KOZmY2duBmpp","action":"Commit Request", "result":"", "context":Item count: 3
Contributing types: Sessions, History}
{"logTime": "0414/045958", "correlationVector":"NyRYmggK++KOZmY2duBmpp.1","action":"SyncServerConnectionManagerRequest", "result":"SYNC_SERVER_OK", "context":{"environment":"Prod_southindia_prod-s01-004-apac-southindia", "migrationStage":"NotStarted", "server":"akswtt10300001q"}}
{"logTime": "0414/045958", "correlationVector":"NyRYmggK++KOZmY2duBmpp.2","action":"Commit Response", "result":"Success", "context":Result: Success. cV=NyRYmggK++KOZmY2duBmpp.0;server=akswtt10300001q;cloudType=Consumer;environment=Prod_southindia_prod-s01-004-apac-southindia;migrationStage=NotStarted}
{"logTime": "0414/050726", "correlationVector":"uNgCANIp9vkq0uyqOmNAQE","action":"Commit Request", "result":"", "context":Item count: 4
Contributing types: Sessions, History}
{"logTime": "0414/050726", "correlationVector":"uNgCANIp9vkq0uyqOmNAQE.1","action":"SyncServerConnectionManagerRequest", "result":"SYNC_SERVER_OK", "context":{"environment":"Prod_southindia_prod-s01-004-apac-southindia", "migrationStage":"NotStarted", "server":"akswtt10300001z"}}
{"logTime": "0414/050726", "correlationVector":"uNgCANIp9vkq0uyqOmNAQE.2","action":"Commit Response", "result":"Success", "context":Result: Success. cV=uNgCANIp9vkq0uyqOmNAQE.0;server=akswtt10300001z;cloudType=Consumer;environment=Prod_southindia_prod-s01-004-apac-southindia;migrationStage=NotStarted}
{"logTime": "0414/050839", "correlationVector":"yxMi0Ybe+Ok7wmKv4EUv2z","action":"Commit Request", "result":"", "context":Item count: 3
Contributing types: Sessions, History}
{"logTime": "0414/050839", "correlationVector":"yxMi0Ybe+Ok7wmKv4EUv2z.1","action":"SyncServerConnectionManagerRequest", "result":"SYNC_SERVER_OK", "context":{"environment":"Prod_southindia_prod-s01-004-apac-southindia", "migrationStage":"NotStarted", "server":"akswtt10300000b"}}
{"logTime": "0414/050839", "correlationVector":"yxMi0Ybe+Ok7wmKv4EUv2z.2","action":"Commit Response", "result":"Success", "context":Result: Success. cV=yxMi0Ybe+Ok7wmKv4EUv2z.0;server=akswtt10300000b;cloudType=Consumer;environment=Prod_southindia_prod-s01-004-apac-southindia;migrationStage=NotStarted}
{"logTime": "0414/051018", "correlationVector":"VgLqJ1L0YBqbkkHG5Ox0IX.1","action":"SyncServerConnectionManagerRequest", "result":"SYNC_SERVER_OK", "context":{"environment":"Prod_southindia_prod-s01-004-apac-southindia", "migrationStage":"NotStarted", "server":"akswtt10300000z"}}
{"logTime": "0414/051018", "correlationVector":"VgLqJ1L0YBqbkkHG5Ox0IX.2","action":"ProcessGetUpdates", "result":"Done", "context":{"dataType":"Encryption Keys", "deleted":"0", "process_failed_to_decrypt":"0", "process_pending_decryption":"0", "process_success":"1", "total":"1"}}
{"logTime": "0414/051018", "correlationVector":"P8vdm1+99kb6+Zq9ujkM2R","action":"SyncServerConnectionManagerRequest", "result":"SYNC_SERVER_OK", "context":{"environment":"", "migrationStage":"", "server":""}}
{"logTime": "0414/051018", "correlationVector":"P8vdm1+99kb6+Zq9ujkM2R.0","action":"EncryptionKeysFetcher.DownloadKeys:", "result":"Success", "context":Key count: 7, Last key timestamp: 2026-01-02T16:11:34Z}
{"logTime": "0414/051018", "correlationVector":"P8vdm1+99kb6+Zq9ujkM2R.1","action":"EncryptionKeysManager::SetEncryptionKeys:", "result":"Success", "context":Key names[7]:[SqHSnXUHXb6saCyw1QjYAeYpzvRJ/J0vygKkwZIN4CCgcTXfVW2yb1XwK6Y8WAHDMyHgF42VMmXyRIkV0jpcgA==][QrLloh4YHUg+S5KXyAtOPYRumiFqUiKisHm17Swl/HMYwT2ryzLT+G7YVPRYnEE3hOJ2IEqInzSlFij5EFUWMQ==][gQqTSZ4jjL3IIyTRaad0XcJCjlBuFm64+xSdIrolQeKWIPiO66sW2ee7oMdiCmxON3xDXmVD5cEgazuO1RCfBA==][wSYRKiY3Gy+HLWoihSysn2YFiWFoJSuu2TLhmzFIZCi/KVDg8CmiIxvafj97eZweGPGWm0pwaWHXoqq6svSH3Q==][JTZc1fAMfMMVYWKTQXUWd/FOAdw4rDFeL+C4XMnbKBXYQI2I918iyDPXPIetjPFRIRzhgXJafZcHiZUfDh2+xA==][peosBfaJBAE0qmBaRrWo6Vs3AcBZDwQpTxk+UNLsKcDbA5Jo5XRTyx3DfZpSbA0WmaXVFUAalrlN6B1wIHtm8Q==][AYovSn7TCjvk+KB7zJuHMmWkTxa7nN6cyJtH7iI5Hpel2Kbt+sZOWNY4lTmnKu1BXHdMOVozXvEHjoqb2yjDNg==]}
{"logTime": "0414/051018", "correlationVector":"P8vdm1+99kb6+Zq9ujkM2R.2","action":"EncryptionKeysManager::SetEncryptionKeysWithTimestamps:", "result":"Success", "context":Key timestamps[7]:[2021-12-13T05:54:17Z][2022-06-16T03:10:48Z][2023-05-21T13:59:12Z][2025-04-09T01:16:54Z][2025-10-09T09:44:41Z][2025-12-28T02:47:22Z][2026-01-02T16:11:34Z]}
{"logTime": "0414/051018", "correlationVector":"VgLqJ1L0YBqbkkHG5Ox0IX","action":"Initial GetUpdates", "result":"", "context":Reason: NEW_CLIENT. cV=VgLqJ1L0YBqbkkHG5Ox0IX}
{"logTime": "0414/051018", "correlationVector":"VgLqJ1L0YBqbkkHG5Ox0IX.3","action":"GetUpdates Response", "result":"Success", "context":Received 1 update(s). cV=VgLqJ1L0YBqbkkHG5Ox0IX.0;server=akswtt10300000z;cloudType=Consumer;environment=Prod_southindia_prod-s01-004-apac-southindia;migrationStage=NotStarted}
{"logTime": "0414/051018", "correlationVector":"/5RIj1IVV9n9+AEtzkNpQE","action":"Initial GetUpdates", "result":"", "context":Reason: NEWLY_SUPPORTED_DATATYPE. cV=/5RIj1IVV9n9+AEtzkNpQE}
{"logTime": "0414/051018", "correlationVector":"/5RIj1IVV9n9+AEtzkNpQE.1","action":"SyncServerConnectionManagerRequest", "result":"SYNC_SERVER_OK", "context":{"environment":"Prod_southindia_prod-s01-004-apac-southindia", "migrationStage":"NotStarted", "server":"akswtt10300000f"}}
{"logTime": "0414/051018", "correlationVector":"/5RIj1IVV9n9+AEtzkNpQE.2","action":"ProcessGetUpdates", "result":"Done", "context":{"dataType":"Passwords", "deleted":"0", "process_failed_to_decrypt":"0", "process_pending_decryption":"0", "process_success":"11", "total":"11"}}
{"logTime": "0414/051018", "correlationVector":"/5RIj1IVV9n9+AEtzkNpQE.3","action":"GetUpdates Response", "result":"Success", "context":Received 11 update(s). cV=/5RIj1IVV9n9+AEtzkNpQE.0;server=akswtt10300000f;cloudType=Consumer;environment=Prod_southindia_prod-s01-004-apac-southindia;migrationStage=NotStarted}
{"logTime": "0414/051018", "correlationVector":"2JIvgOn/g2cCRAXl+r3ksS","action":"Normal GetUpdate request", "result":"", "context":cV=2JIvgOn/g2cCRAXl+r3ksS
Nudged types: Sessions, Device Info, History
Refresh requested types: Bookmarks, Preferences, Passwords, Autofill Profiles, Autofill, Extensions, Sessions, Extension settings, History Delete Directives, Device Info, User Consents, Send Tab To Self, Web Apps, History, Saved Tab Group, WebAuthn Credentials, Collection, Edge E Drop, Edge Hub App Usage, Edge Wallet, Edge Workspace, Encryption Keys}
{"logTime": "0414/051019", "correlationVector":"2JIvgOn/g2cCRAXl+r3ksS.1","action":"SyncServerConnectionManagerRequest", "result":"SYNC_SERVER_OK", "context":{"environment":"Prod_southindia_prod-s01-004-apac-southindia", "migrationStage":"NotStarted", "server":"akswtt103000001"}}
{"logTime": "0414/051019", "correlationVector":"2JIvgOn/g2cCRAXl+r3ksS.2","action":"ProcessGetUpdates", "result":"Done", "context":{"dataType":"Preferences", "deleted":"0", "process_failed_to_decrypt":"0", "process_pending_decryption":"0", "process_success":"1", "total":"1"}}
{"logTime": "0414/051019", "correlationVector":"2JIvgOn/g2cCRAXl+r3ksS.3","action":"ProcessGetUpdates", "result":"Done", "context":{"dataType":"Sessions", "deleted":"0", "process_failed_to_decrypt":"0", "process_pending_decryption":"0", "process_success":"2", "total":"2"}}
{"logTime": "0414/051019", "correlationVector":"2JIvgOn/g2cCRAXl+r3ksS.4","action":"ProcessGetUpdates", "result":"Done", "context":{"dataType":"Device Info", "deleted":"0", "process_failed_to_decrypt":"0", "process_pending_decryption":"0", "process_success":"1", "total":"1"}}
{"logTime": "0414/051019", "correlationVector":"2JIvgOn/g2cCRAXl+r3ksS.5","action":"ProcessGetUpdates", "result":"Done", "context":{"dataType":"History", "deleted":"0", "process_failed_to_decrypt":"0", "process_pending_decryption":"0", "process_success":"5", "total":"5"}}
{"logTime": "0414/051019", "correlationVector":"2JIvgOn/g2cCRAXl+r3ksS.6","action":"GetUpdates Response", "result":"Success", "context":Received 9 update(s). cV=2JIvgOn/g2cCRAXl+r3ksS.0;server=akswtt103000001;cloudType=Consumer;environment=Prod_southindia_prod-s01-004-apac-southindia;migrationStage=NotStarted}
{"logTime": "0414/051019", "correlationVector":"QskOUa9a7ZoKBnORj+j8l6","action":"Commit Request", "result":"", "context":Item count: 6
Contributing types: Sessions, Device Info, History}
{"logTime": "0414/051019", "correlationVector":"QskOUa9a7ZoKBnORj+j8l6.1","action":"SyncServerConnectionManagerRequest", "result":"SYNC_SERVER_OK", "context":{"environment":"Prod_southindia_prod-s01-004-apac-southindia", "migrationStage":"NotStarted", "server":"akswtt10300000x"}}
{"logTime": "0414/051019", "correlationVector":"QskOUa9a7ZoKBnORj+j8l6.2","action":"Commit Response", "result":"Success", "context":Result: Success. cV=QskOUa9a7ZoKBnORj+j8l6.0;server=akswtt10300000x;cloudType=Consumer;environment=Prod_southindia_prod-s01-004-apac-southindia;migrationStage=NotStarted}
{"logTime": "0414/051020", "correlationVector":"VXX5hyshTCV6Xsf0QcG4n0","action":"Commit Request", "result":"", "context":Item count: 11
Contributing types: Preferences, Passwords}
{"logTime": "0414/051021", "correlationVector":"VXX5hyshTCV6Xsf0QcG4n0.1","action":"SyncServerConnectionManagerRequest", "result":"SYNC_SERVER_OK", "context":{"environment":"Prod_southindia_prod-s01-004-apac-southindia", "migrationStage":"NotStarted", "server":"akswtt10300000z"}}
{"logTime": "0414/051021", "correlationVector":"VXX5hyshTCV6Xsf0QcG4n0.2","action":"Commit Response", "result":"Success", "context":Result: Success. cV=VXX5hyshTCV6Xsf0QcG4n0.0;server=akswtt10300000z;cloudType=Consumer;environment=Prod_southindia_prod-s01-004-apac-southindia;migrationStage=NotStarted}
{"logTime": "0414/051122", "correlationVector":"pUWydaF3q8Jj/sRH8tSVFK","action":"Commit Request", "result":"", "context":Item count: 6
Contributing types: Sessions, History}
{"logTime": "0414/051123", "correlationVector":"pUWydaF3q8Jj/sRH8tSVFK.1","action":"SyncServerConnectionManagerRequest", "result":"SYNC_SERVER_OK", "context":{"environment":"Prod_southindia_prod-s01-004-apac-southindia", "migrationStage":"NotStarted", "server":"akswtt103000001"}}
{"logTime": "0414/051123", "correlationVector":"pUWydaF3q8Jj/sRH8tSVFK.3","action":"Commit.Sessions", "result":"Success", "context":{"id":"d5f026a9-958c-4135-9e67-57ac354a2e5f", "isDeleted":"true", "size":"0", "version":"1776143419856"}}
{"logTime": "0414/051123", "correlationVector":"pUWydaF3q8Jj/sRH8tSVFK.2","action":"Commit Response", "result":"Success", "context":Result: Success. cV=pUWydaF3q8Jj/sRH8tSVFK.0;server=akswtt103000001;cloudType=Consumer;environment=Prod_southindia_prod-s01-004-apac-southindia;migrationStage=NotStarted}
{"logTime": "0414/051243", "correlationVector":"Pd7DGOYe2N04ydBjJnflcq","action":"Commit Request", "result":"", "context":Item count: 4
Contributing types: Sessions, History}
{"logTime": "0414/051243", "correlationVector":"Pd7DGOYe2N04ydBjJnflcq.1","action":"SyncServerConnectionManagerRequest", "result":"SYNC_SERVER_OK", "context":{"environment":"Prod_southindia_prod-s01-004-apac-southindia", "migrationStage":"NotStarted", "server":"akswtt10300001v"}}
{"logTime": "0414/051243", "correlationVector":"Pd7DGOYe2N04ydBjJnflcq.2","action":"Commit Response", "result":"Success", "context":Result: Success. cV=Pd7DGOYe2N04ydBjJnflcq.0;server=akswtt10300001v;cloudType=Consumer;environment=Prod_southindia_prod-s01-004-apac-southindia;migrationStage=NotStarted}
{"logTime": "0414/061350", "correlationVector":"juIf4eVkUgMwGcwFJkyJAb","action":"Commit Request", "result":"", "context":Item count: 1
Contributing types: Device Info}
{"logTime": "0414/061351", "correlationVector":"juIf4eVkUgMwGcwFJkyJAb.1","action":"SyncServerConnectionManagerRequest", "result":"SYNC_SERVER_OK", "context":{"environment":"Prod_southindia_prod-s01-004-apac-southindia", "migrationStage":"NotStarted", "server":"akswtt10300001f"}}
{"logTime": "0414/061351", "correlationVector":"juIf4eVkUgMwGcwFJkyJAb.2","action":"Commit Response", "result":"Success", "context":Result: Success. cV=juIf4eVkUgMwGcwFJkyJAb.0;server=akswtt10300001f;cloudType=Consumer;environment=Prod_southindia_prod-s01-004-apac-southindia;migrationStage=NotStarted}
{"logTime": "0414/061354", "correlationVector":"E7r7zbYkBnIpT170HRBCoS","action":"Commit Request", "result":"", "context":Item count: 1
Contributing types: Device Info}
{"logTime": "0414/061355", "correlationVector":"E7r7zbYkBnIpT170HRBCoS.1","action":"SyncServerConnectionManagerRequest", "result":"SYNC_SERVER_OK", "context":{"environment":"Prod_southeastasia_prod-s01-065-apac-southeastasia", "migrationStage":"NotStarted", "server":"akswtt112000008"}}
{"logTime": "0414/061355", "correlationVector":"E7r7zbYkBnIpT170HRBCoS.2","action":"Commit Response", "result":"Success", "context":Result: Success. cV=E7r7zbYkBnIpT170HRBCoS.0;server=akswtt112000008;cloudType=Consumer;environment=Prod_southeastasia_prod-s01-065-apac-southeastasia;migrationStage=NotStarted}
{"logTime": "0414/061736", "correlationVector":"Y3UCXnvq7AWIlaPE2aTBg0","action":"Commit Request", "result":"", "context":Item count: 6
Contributing types: Sessions, History}
{"logTime": "0414/061736", "correlationVector":"Y3UCXnvq7AWIlaPE2aTBg0","action":"SyncServerConnectionManagerRequest", "result":"CONNECTION_UNAVAILABLE", "context":{"error_type":"net_error_code", "error_value":"-105"}}
{"logTime": "0414/061736", "correlationVector":"FvdvnZ1lLcQLMuYl5c38L+.0","action":"Commit Response", "result":"Network error (ERR_NAME_NOT_RESOLVED)", "context":Result: Network error (ERR_NAME_NOT_RESOLVED). }
{"logTime": "0414/061739", "correlationVector":"pMHw9H/Fbsoc1mV4MZ+cQ3","action":"Commit Request", "result":"", "context":Item count: 6
Contributing types: Sessions, History}
{"logTime": "0414/061739", "correlationVector":"pMHw9H/Fbsoc1mV4MZ+cQ3","action":"SyncServerConnectionManagerRequest", "result":"CONNECTION_UNAVAILABLE", "context":{"error_type":"net_error_code", "error_value":"-105"}}
{"logTime": "0414/061739", "correlationVector":"pJnUj1fNyR/E7P35s1pfbE.0","action":"Commit Response", "result":"Network error (ERR_NAME_NOT_RESOLVED)", "context":Result: Network error (ERR_NAME_NOT_RESOLVED). }
{"logTime": "0414/061742", "correlationVector":"ZEf5KWt7dVSAs9dM4n4ZUt","action":"Commit Request", "result":"", "context":Item count: 6
Contributing types: Sessions, History}
{"logTime": "0414/061742", "correlationVector":"ZEf5KWt7dVSAs9dM4n4ZUt","action":"SyncServerConnectionManagerRequest", "result":"CONNECTION_UNAVAILABLE", "context":{"error_type":"net_error_code", "error_value":"-105"}}
{"logTime": "0414/061742", "correlationVector":"4bTMpAnlWwzwm9S5yEGf7r.0","action":"Commit Response", "result":"Network error (ERR_NAME_NOT_RESOLVED)", "context":Result: Network error (ERR_NAME_NOT_RESOLVED). }
{"logTime": "0414/061754", "correlationVector":"ZRO9XUF3KjoZF7DyAIzx/v","action":"Commit Request", "result":"", "context":Item count: 6
Contributing types: Sessions, History}
{"logTime": "0414/061754", "correlationVector":"ZRO9XUF3KjoZF7DyAIzx/v","action":"SyncServerConnectionManagerRequest", "result":"CONNECTION_UNAVAILABLE", "context":{"error_type":"net_error_code", "error_value":"-105"}}
{"logTime": "0414/061754", "correlationVector":"s36RAGF08HTK9wo/WDT30z.0","action":"Commit Response", "result":"Network error (ERR_NAME_NOT_RESOLVED)", "context":Result: Network error (ERR_NAME_NOT_RESOLVED). }
{"logTime": "0414/061756", "correlationVector":"NKt8igjsOrs1oSHHcuKBgt","action":"Commit Request", "result":"", "context":Item count: 6
Contributing types: Sessions, History}
{"logTime": "0414/061757", "correlationVector":"NKt8igjsOrs1oSHHcuKBgt","action":"SyncServerConnectionManagerRequest", "result":"CONNECTION_UNAVAILABLE", "context":{"error_type":"net_error_code", "error_value":"-105"}}
{"logTime": "0414/061757", "correlationVector":"3jYVccD4iWIjEf4gZUPSBM.0","action":"Commit Response", "result":"Network error (ERR_NAME_NOT_RESOLVED)", "context":Result: Network error (ERR_NAME_NOT_RESOLVED). }
{"logTime": "0414/061815", "correlationVector":"NBkc6gr3KHtQRpZ8MW9wNx","action":"Commit Request", "result":"", "context":Item count: 6
Contributing types: Sessions, History}
{"logTime": "0414/061817", "correlationVector":"NBkc6gr3KHtQRpZ8MW9wNx","action":"SyncServerConnectionManagerRequest", "result":"CONNECTION_UNAVAILABLE", "context":{"error_type":"net_error_code", "error_value":"-105"}}
{"logTime": "0414/061817", "correlationVector":"KZmUgztIT1xFVGd0Cv3fR5.0","action":"Commit Response", "result":"Network error (ERR_NAME_NOT_RESOLVED)", "context":Result: Network error (ERR_NAME_NOT_RESOLVED). }
{"logTime": "0414/061817", "correlationVector":"zyeHfolhD+j1dkt7mZ6n9c","action":"Commit Request", "result":"", "context":Item count: 6
Contributing types: Sessions, History}
{"logTime": "0414/061817", "correlationVector":"zyeHfolhD+j1dkt7mZ6n9c","action":"SyncServerConnectionManagerRequest", "result":"CONNECTION_UNAVAILABLE", "context":{"error_type":"net_error_code", "error_value":"-105"}}
{"logTime": "0414/061817", "correlationVector":"5/OGDdTzT3NyuH9uf4piQ7.0","action":"Commit Response", "result":"Network error (ERR_NAME_NOT_RESOLVED)", "context":Result: Network error (ERR_NAME_NOT_RESOLVED). }
{"logTime": "0414/061817", "correlationVector":"oP4lkvtFTaGA0ctgNwUFtJ","action":"Commit Request", "result":"", "context":Item count: 6
Contributing types: Sessions, History}
{"logTime": "0414/061817", "correlationVector":"oP4lkvtFTaGA0ctgNwUFtJ","action":"SyncServerConnectionManagerRequest", "result":"CONNECTION_UNAVAILABLE", "context":{"error_type":"net_error_code", "error_value":"-105"}}
{"logTime": "0414/061817", "correlationVector":"obMBio5dehtLL+DAqkZRjM.0","action":"Commit Response", "result":"Network error (ERR_NAME_NOT_RESOLVED)", "context":Result: Network error (ERR_NAME_NOT_RESOLVED). }
{"logTime": "0414/061820", "correlationVector":"YbtpMftO8BGen13MfWjieS","action":"Commit Request", "result":"", "context":Item count: 6
Contributing types: Sessions, History}
{"logTime": "0414/061821", "correlationVector":"YbtpMftO8BGen13MfWjieS","action":"SyncServerConnectionManagerRequest", "result":"CONNECTION_UNAVAILABLE", "context":{"error_type":"net_error_code", "error_value":"-105"}}
{"logTime": "0414/061821", "correlationVector":"7U2gDtceG4WPWdfgVvt/yD.0","action":"Commit Response", "result":"Network error (ERR_NAME_NOT_RESOLVED)", "context":Result: Network error (ERR_NAME_NOT_RESOLVED). }
{"logTime": "0414/062024", "correlationVector":"8S0dohb5U66BPd18D5WCpM","action":"Commit Request", "result":"", "context":Item count: 6
Contributing types: Sessions, History}
{"logTime": "0414/062024", "correlationVector":"8S0dohb5U66BPd18D5WCpM.1","action":"SyncServerConnectionManagerRequest", "result":"SYNC_SERVER_OK", "context":{"environment":"Prod_southindia_prod-s01-004-apac-southindia", "migrationStage":"NotStarted", "server":"akswtt10300001q"}}
{"logTime": "0414/062024", "correlationVector":"8S0dohb5U66BPd18D5WCpM.2","action":"Commit Response", "result":"Success", "context":Result: Success. cV=8S0dohb5U66BPd18D5WCpM.0;server=akswtt10300001q;cloudType=Consumer;environment=Prod_southindia_prod-s01-004-apac-southindia;migrationStage=NotStarted}
{"logTime": "0414/062025", "correlationVector":"8FVC9E+WIK9WS3y3O3Icsu","action":"Commit Request", "result":"", "context":Item count: 1
Contributing types: Device Info}
{"logTime": "0414/062025", "correlationVector":"8FVC9E+WIK9WS3y3O3Icsu.1","action":"SyncServerConnectionManagerRequest", "result":"SYNC_SERVER_OK", "context":{"environment":"Prod_southindia_prod-s01-004-apac-southindia", "migrationStage":"NotStarted", "server":"akswtt10300001z"}}
{"logTime": "0414/062025", "correlationVector":"8FVC9E+WIK9WS3y3O3Icsu.2","action":"Commit Response", "result":"Success", "context":Result: Success. cV=8FVC9E+WIK9WS3y3O3Icsu.0;server=akswtt10300001z;cloudType=Consumer;environment=Prod_southindia_prod-s01-004-apac-southindia;migrationStage=NotStarted}
{"logTime": "0414/062028", "correlationVector":"UOFgYlKBVVzYdgxPXZPJlk","action":"Commit Request", "result":"", "context":Item count: 1
Contributing types: Device Info}
{"logTime": "0414/062029", "correlationVector":"UOFgYlKBVVzYdgxPXZPJlk.1","action":"SyncServerConnectionManagerRequest", "result":"SYNC_SERVER_OK", "context":{"environment":"Prod_southindia_prod-s01-004-apac-southindia", "migrationStage":"NotStarted", "server":"akswtt10300001h"}}
{"logTime": "0414/062029", "correlationVector":"UOFgYlKBVVzYdgxPXZPJlk.2","action":"Commit Response", "result":"Success", "context":Result: Success. cV=UOFgYlKBVVzYdgxPXZPJlk.0;server=akswtt10300001h;cloudType=Consumer;environment=Prod_southindia_prod-s01-004-apac-southindia;migrationStage=NotStarted}
{"logTime": "0414/062454", "correlationVector":"3/xSsLEESyz4kWt/5hR5Xu.1","action":"SyncServerConnectionManagerRequest", "result":"SYNC_SERVER_OK", "context":{"environment":"Prod_southindia_prod-s01-004-apac-southindia", "migrationStage":"NotStarted", "server":"akswtt10300001d"}}
{"logTime": "0414/062454", "correlationVector":"3/xSsLEESyz4kWt/5hR5Xu.2","action":"ProcessGetUpdates", "result":"Done", "context":{"dataType":"Encryption Keys", "deleted":"0", "process_failed_to_decrypt":"0", "process_pending_decryption":"0", "process_success":"1", "total":"1"}}
{"logTime": "0414/062455", "correlationVector":"vSgYcedSON6bW32JOhUEOl","action":"SyncServerConnectionManagerRequest", "result":"SYNC_SERVER_OK", "context":{"environment":"", "migrationStage":"", "server":""}}
{"logTime": "0414/062455", "correlationVector":"vSgYcedSON6bW32JOhUEOl.0","action":"EncryptionKeysFetcher.DownloadKeys:", "result":"Success", "context":Key count: 7, Last key timestamp: 2026-01-02T16:11:34Z}
{"logTime": "0414/062456", "correlationVector":"vSgYcedSON6bW32JOhUEOl.1","action":"EncryptionKeysManager::SetEncryptionKeys:", "result":"Success", "context":Key names[7]:[SqHSnXUHXb6saCyw1QjYAeYpzvRJ/J0vygKkwZIN4CCgcTXfVW2yb1XwK6Y8WAHDMyHgF42VMmXyRIkV0jpcgA==][QrLloh4YHUg+S5KXyAtOPYRumiFqUiKisHm17Swl/HMYwT2ryzLT+G7YVPRYnEE3hOJ2IEqInzSlFij5EFUWMQ==][gQqTSZ4jjL3IIyTRaad0XcJCjlBuFm64+xSdIrolQeKWIPiO66sW2ee7oMdiCmxON3xDXmVD5cEgazuO1RCfBA==][wSYRKiY3Gy+HLWoihSysn2YFiWFoJSuu2TLhmzFIZCi/KVDg8CmiIxvafj97eZweGPGWm0pwaWHXoqq6svSH3Q==][JTZc1fAMfMMVYWKTQXUWd/FOAdw4rDFeL+C4XMnbKBXYQI2I918iyDPXPIetjPFRIRzhgXJafZcHiZUfDh2+xA==][peosBfaJBAE0qmBaRrWo6Vs3AcBZDwQpTxk+UNLsKcDbA5Jo5XRTyx3DfZpSbA0WmaXVFUAalrlN6B1wIHtm8Q==][AYovSn7TCjvk+KB7zJuHMmWkTxa7nN6cyJtH7iI5Hpel2Kbt+sZOWNY4lTmnKu1BXHdMOVozXvEHjoqb2yjDNg==]}
{"logTime": "0414/062456", "correlationVector":"vSgYcedSON6bW32JOhUEOl.2","action":"EncryptionKeysManager::SetEncryptionKeysWithTimestamps:", "result":"Success", "context":Key timestamps[7]:[2021-12-13T05:54:17Z][2022-06-16T03:10:48Z][2023-05-21T13:59:12Z][2025-04-09T01:16:54Z][2025-10-09T09:44:41Z][2025-12-28T02:47:22Z][2026-01-02T16:11:34Z]}
{"logTime": "0414/062456", "correlationVector":"3/xSsLEESyz4kWt/5hR5Xu","action":"Initial GetUpdates", "result":"", "context":Reason: NEW_CLIENT. cV=3/xSsLEESyz4kWt/5hR5Xu}
{"logTime": "0414/062456", "correlationVector":"3/xSsLEESyz4kWt/5hR5Xu.3","action":"GetUpdates Response", "result":"Success", "context":Received 1 update(s). cV=3/xSsLEESyz4kWt/5hR5Xu.0;server=akswtt10300001d;cloudType=Consumer;environment=Prod_southindia_prod-s01-004-apac-southindia;migrationStage=NotStarted}
{"logTime": "0414/062456", "correlationVector":"BCYkTcNsZkbSAx4epQ2SkT","action":"Initial GetUpdates", "result":"", "context":Reason: NEWLY_SUPPORTED_DATATYPE. cV=BCYkTcNsZkbSAx4epQ2SkT}
{"logTime": "0414/062456", "correlationVector":"BCYkTcNsZkbSAx4epQ2SkT.1","action":"SyncServerConnectionManagerRequest", "result":"SYNC_SERVER_OK", "context":{"environment":"Prod_southindia_prod-s01-004-apac-southindia", "migrationStage":"NotStarted", "server":"akswtt103000013"}}
{"logTime": "0414/062456", "correlationVector":"BCYkTcNsZkbSAx4epQ2SkT.2","action":"ProcessGetUpdates", "result":"Done", "context":{"dataType":"Preferences", "deleted":"0", "process_failed_to_decrypt":"0", "process_pending_decryption":"0", "process_success":"65", "total":"65"}}
{"logTime": "0414/062456", "correlationVector":"BCYkTcNsZkbSAx4epQ2SkT.3","action":"ProcessGetUpdates", "result":"Done", "context":{"dataType":"Passwords", "deleted":"0", "process_failed_to_decrypt":"0", "process_pending_decryption":"0", "process_success":"11", "total":"11"}}
{"logTime": "0414/062456", "correlationVector":"BCYkTcNsZkbSAx4epQ2SkT.4","action":"ProcessGetUpdates", "result":"Done", "context":{"dataType":"Device Info", "deleted":"0", "process_failed_to_decrypt":"0", "process_pending_decryption":"0", "process_success":"13", "total":"13"}}
{"logTime": "0414/062456", "correlationVector":"BCYkTcNsZkbSAx4epQ2SkT.5","action":"GetUpdates Response", "result":"Success", "context":Received 89 update(s). cV=BCYkTcNsZkbSAx4epQ2SkT.0;server=akswtt103000013;cloudType=Consumer;environment=Prod_southindia_prod-s01-004-apac-southindia;migrationStage=NotStarted}
{"logTime": "0414/062456", "correlationVector":"aPeYgwHbYLm0OaUXMQE2G0","action":"Initial GetUpdates", "result":"", "context":Reason: NEWLY_SUPPORTED_DATATYPE. cV=aPeYgwHbYLm0OaUXMQE2G0}
{"logTime": "0414/062456", "correlationVector":"aPeYgwHbYLm0OaUXMQE2G0.1","action":"SyncServerConnectionManagerRequest", "result":"SYNC_SERVER_OK", "context":{"environment":"Prod_southindia_prod-s01-004-apac-southindia", "migrationStage":"NotStarted", "server":"akswtt10300000c"}}
{"logTime": "0414/062456", "correlationVector":"aPeYgwHbYLm0OaUXMQE2G0.2","action":"ProcessGetUpdates", "result":"Done", "context":{"dataType":"Bookmarks", "deleted":"0", "process_failed_to_decrypt":"0", "process_pending_decryption":"0", "process_success":"6", "total":"6"}}
{"logTime": "0414/062456", "correlationVector":"aPeYgwHbYLm0OaUXMQE2G0.3","action":"GetUpdates Response", "result":"Success", "context":Received 6 update(s). cV=aPeYgwHbYLm0OaUXMQE2G0.0;server=akswtt10300000c;cloudType=Consumer;environment=Prod_southindia_prod-s01-004-apac-southindia;migrationStage=NotStarted}
{"logTime": "0414/062456", "correlationVector":"XR8esnEmt7S5kqrft5pfz/","action":"Initial GetUpdates", "result":"", "context":Reason: NEWLY_SUPPORTED_DATATYPE. cV=XR8esnEmt7S5kqrft5pfz/}
{"logTime": "0414/062456", "correlationVector":"XR8esnEmt7S5kqrft5pfz/.1","action":"SyncServerConnectionManagerRequest", "result":"SYNC_SERVER_OK", "context":{"environment":"Prod_southindia_prod-s01-004-apac-southindia", "migrationStage":"NotStarted", "server":"akswtt10300001w"}}
{"logTime": "0414/062456", "correlationVector":"XR8esnEmt7S5kqrft5pfz/.2","action":"ProcessGetUpdates", "result":"Done", "context":{"dataType":"Autofill Profiles", "deleted":"0", "process_failed_to_decrypt":"0", "process_pending_decryption":"0", "process_success":"9", "total":"9"}}
{"logTime": "0414/062456", "correlationVector":"XR8esnEmt7S5kqrft5pfz/.3","action":"ProcessGetUpdates", "result":"Done", "context":{"dataType":"Autofill", "deleted":"0", "process_failed_to_decrypt":"0", "process_pending_decryption":"0", "process_success":"41", "total":"41"}}
{"logTime": "0414/062456", "correlationVector":"XR8esnEmt7S5kqrft5pfz/.4","action":"ProcessGetUpdates", "result":"Done", "context":{"dataType":"Sessions", "deleted":"13", "process_failed_to_decrypt":"0", "process_pending_decryption":"0", "process_success":"36", "total":"36"}}
{"logTime": "0414/062456", "correlationVector":"XR8esnEmt7S5kqrft5pfz/.5","action":"ProcessGetUpdates", "result":"Done", "context":{"dataType":"Edge Hub App Usage", "deleted":"5", "process_failed_to_decrypt":"0", "process_pending_decryption":"0", "process_success":"7", "total":"7"}}
{"logTime": "0414/062456", "correlationVector":"XR8esnEmt7S5kqrft5pfz/.6","action":"GetUpdates Response", "result":"Success", "context":Received 93 update(s). cV=XR8esnEmt7S5kqrft5pfz/.0;server=akswtt10300001w;cloudType=Consumer;environment=Prod_southindia_prod-s01-004-apac-southindia;migrationStage=NotStarted}
{"logTime": "0414/062456", "correlationVector":"QAnk4W6g1ra00E2P0vBzHa","action":"Initial GetUpdates", "result":"", "context":Reason: NEWLY_SUPPORTED_DATATYPE. cV=QAnk4W6g1ra00E2P0vBzHa}
{"logTime": "0414/062457", "correlationVector":"QAnk4W6g1ra00E2P0vBzHa.1","action":"SyncServerConnectionManagerRequest", "result":"SYNC_SERVER_OK", "context":{"environment":"Prod_southindia_prod-s01-004-apac-southindia", "migrationStage":"NotStarted", "server":"akswtt10300001r"}}
{"logTime": "0414/062457", "correlationVector":"QAnk4W6g1ra00E2P0vBzHa.2","action":"ProcessGetUpdates", "result":"Done", "context":{"dataType":"History", "deleted":"0", "process_failed_to_decrypt":"0", "process_pending_decryption":"0", "process_success":"250", "total":"250"}}
{"logTime": "0414/062457", "correlationVector":"QAnk4W6g1ra00E2P0vBzHa.3","action":"GetUpdates Response", "result":"Success", "context":Received 250 update(s). cV=QAnk4W6g1ra00E2P0vBzHa.0;server=akswtt10300001r;cloudType=Consumer;environment=Prod_southindia_prod-s01-004-apac-southindia;migrationStage=NotStarted Some updates remain.}
{"logTime": "0414/062457", "correlationVector":"hHhnm7ytgh9bNpyLumsioP","action":"Initial GetUpdates", "result":"", "context":Reason: NEWLY_SUPPORTED_DATATYPE. cV=hHhnm7ytgh9bNpyLumsioP}
{"logTime": "0414/062457", "correlationVector":"hHhnm7ytgh9bNpyLumsioP.1","action":"SyncServerConnectionManagerRequest", "result":"SYNC_SERVER_OK", "context":{"environment":"Prod_southindia_prod-s01-004-apac-southindia", "migrationStage":"NotStarted", "server":"akswtt10300001d"}}
{"logTime": "0414/062457", "correlationVector":"hHhnm7ytgh9bNpyLumsioP.2","action":"ProcessGetUpdates", "result":"Done", "context":{"dataType":"History", "deleted":"0", "process_failed_to_decrypt":"0", "process_pending_decryption":"0", "process_success":"130", "total":"130"}}
{"logTime": "0414/062457", "correlationVector":"hHhnm7ytgh9bNpyLumsioP.3","action":"GetUpdates Response", "result":"Success", "context":Received 130 update(s). cV=hHhnm7ytgh9bNpyLumsioP.0;server=akswtt10300001d;cloudType=Consumer;environment=Prod_southindia_prod-s01-004-apac-southindia;migrationStage=NotStarted}
{"logTime": "0414/062457", "correlationVector":"4dZAGweEKdOyH6pkzctI5N","action":"Normal GetUpdate request", "result":"", "context":cV=4dZAGweEKdOyH6pkzctI5N
Nudged types: Sessions, Device Info
Refresh requested types: Bookmarks, Preferences, Passwords, Autofill Profiles, Autofill, Extensions, Sessions, Extension settings, History Delete Directives, Device Info, User Consents, Send Tab To Self, Web Apps, History, Saved Tab Group, WebAuthn Credentials, Collection, Edge E Drop, Edge Hub App Usage, Edge Wallet, Edge Workspace, Encryption Keys}
{"logTime": "0414/062457", "correlationVector":"4dZAGweEKdOyH6pkzctI5N.1","action":"SyncServerConnectionManagerRequest", "result":"SYNC_SERVER_OK", "context":{"environment":"Prod_southindia_prod-s01-004-apac-southindia", "migrationStage":"NotStarted", "server":"akswtt103000015"}}
{"logTime": "0414/062457", "correlationVector":"4dZAGweEKdOyH6pkzctI5N.2","action":"GetUpdates Response", "result":"Success", "context":Received 0 update(s). cV=4dZAGweEKdOyH6pkzctI5N.0;server=akswtt103000015;cloudType=Consumer;environment=Prod_southindia_prod-s01-004-apac-southindia;migrationStage=NotStarted}
{"logTime": "0414/062457", "correlationVector":"AWw43Qj4X+16MdUP4Uuwih","action":"Commit Request", "result":"", "context":Item count: 3
Contributing types: Sessions, Device Info}
{"logTime": "0414/062457", "correlationVector":"AWw43Qj4X+16MdUP4Uuwih.1","action":"SyncServerConnectionManagerRequest", "result":"SYNC_SERVER_OK", "context":{"environment":"Prod_southindia_prod-s01-004-apac-southindia", "migrationStage":"NotStarted", "server":"akswtt10300000m"}}
{"logTime": "0414/062457", "correlationVector":"AWw43Qj4X+16MdUP4Uuwih.2","action":"Commit Response", "result":"Success", "context":Result: Success. cV=AWw43Qj4X+16MdUP4Uuwih.0;server=akswtt10300000m;cloudType=Consumer;environment=Prod_southindia_prod-s01-004-apac-southindia;migrationStage=NotStarted}
{"logTime": "0414/062458", "correlationVector":"vccpDc0pcXCSuflF8wJ8ZH","action":"Commit Request", "result":"", "context":Item count: 11
Contributing types: Preferences, Passwords}
{"logTime": "0414/062458", "correlationVector":"vccpDc0pcXCSuflF8wJ8ZH.1","action":"SyncServerConnectionManagerRequest", "result":"SYNC_SERVER_OK", "context":{"environment":"Prod_southindia_prod-s01-004-apac-southindia", "migrationStage":"NotStarted", "server":"akswtt10300000c"}}
{"logTime": "0414/062458", "correlationVector":"vccpDc0pcXCSuflF8wJ8ZH.2","action":"Commit Response", "result":"Success", "context":Result: Success. cV=vccpDc0pcXCSuflF8wJ8ZH.0;server=akswtt10300000c;cloudType=Consumer;environment=Prod_southindia_prod-s01-004-apac-southindia;migrationStage=NotStarted}
{"logTime": "0414/062601", "correlationVector":"nd4dkkNd7Yid6r6EDPiZFY","action":"Commit Request", "result":"", "context":Item count: 5
Contributing types: Sessions, History}
{"logTime": "0414/062601", "correlationVector":"nd4dkkNd7Yid6r6EDPiZFY.1","action":"SyncServerConnectionManagerRequest", "result":"SYNC_SERVER_OK", "context":{"environment":"Prod_southindia_prod-s01-004-apac-southindia", "migrationStage":"NotStarted", "server":"akswtt10300000m"}}
{"logTime": "0414/062601", "correlationVector":"nd4dkkNd7Yid6r6EDPiZFY.2","action":"Commit Response", "result":"Success", "context":Result: Success. cV=nd4dkkNd7Yid6r6EDPiZFY.0;server=akswtt10300000m;cloudType=Consumer;environment=Prod_southindia_prod-s01-004-apac-southindia;migrationStage=NotStarted}
